Component: ARM Compiler 5.06 update 1 (build 61) Tool: armlink [4d35a8]

==============================================================================

Section Cross References

    watersensor.o(i.water_ADC_Init) refers to watersensor.o(.bss) for watersensorConfig
    watersensor.o(i.water_Config) refers to watersensor.o(i.water_GPIO_Init) for water_GPIO_Init
    watersensor.o(i.water_Config) refers to watersensor.o(i.water_ADC_Init) for water_ADC_Init
    watersensor.o(i.water_GPIO_Init) refers to stm32f7xx_hal_gpio.o(i.HAL_GPIO_Init) for HAL_GPIO_Init
    watersensor.o(i.water_GPIO_Init) refers to watersensor.o(.bss) for water_GPIO
    relay.o(i.relay_init) refers to stm32f7xx_hal_gpio.o(i.HAL_GPIO_Init) for HAL_GPIO_Init
    relay.o(i.relay_init) refers to relay.o(.bss) for relay_gpio
    relay.o(i.relay_off) refers to stm32f7xx_hal_gpio.o(i.HAL_GPIO_WritePin) for HAL_GPIO_WritePin
    relay.o(i.relay_on) refers to stm32f7xx_hal_gpio.o(i.HAL_GPIO_WritePin) for HAL_GPIO_WritePin
    buzzer.o(i.buzzer_init) refers to stm32f7xx_hal_gpio.o(i.HAL_GPIO_Init) for HAL_GPIO_Init
    buzzer.o(i.buzzer_init) refers to buzzer.o(.bss) for sound_gpio
    buzzer.o(i.buzzer_off) refers to stm32f7xx_hal_gpio.o(i.HAL_GPIO_WritePin) for HAL_GPIO_WritePin
    buzzer.o(i.buzzer_on) refers to stm32f7xx_hal_gpio.o(i.HAL_GPIO_WritePin) for HAL_GPIO_WritePin
    glcd.o(i.backgroundColor) refers to glcd_746g_discovery.o(i.GLCD_Initialize) for GLCD_Initialize
    glcd.o(i.backgroundColor) refers to touch_746g_discovery.o(i.Touch_Initialize) for Touch_Initialize
    glcd.o(i.backgroundColor) refers to glcd_746g_discovery.o(i.GLCD_SetBackgroundColor) for GLCD_SetBackgroundColor
    glcd.o(i.homePage) refers to glcd_746g_discovery.o(i.GLCD_Initialize) for GLCD_Initialize
    glcd.o(i.homePage) refers to touch_746g_discovery.o(i.Touch_Initialize) for Touch_Initialize
    glcd.o(i.homePage) refers to glcd_746g_discovery.o(i.GLCD_ClearScreen) for GLCD_ClearScreen
    glcd.o(i.homePage) refers to glcd_746g_discovery.o(i.GLCD_SetFont) for GLCD_SetFont
    glcd.o(i.homePage) refers to glcd_746g_discovery.o(i.GLCD_SetForegroundColor) for GLCD_SetForegroundColor
    glcd.o(i.homePage) refers to glcd_746g_discovery.o(i.GLCD_DrawString) for GLCD_DrawString
    glcd.o(i.homePage) refers to glcd_fonts.o(.constdata) for GLCD_Font_16x24
    glcd.o(i.readingPage) refers to glcd_746g_discovery.o(i.GLCD_Initialize) for GLCD_Initialize
    glcd.o(i.readingPage) refers to touch_746g_discovery.o(i.Touch_Initialize) for Touch_Initialize
    glcd.o(i.readingPage) refers to glcd_746g_discovery.o(i.GLCD_ClearScreen) for GLCD_ClearScreen
    glcd.o(i.readingPage) refers to glcd_746g_discovery.o(i.GLCD_SetFont) for GLCD_SetFont
    glcd.o(i.readingPage) refers to glcd_746g_discovery.o(i.GLCD_SetForegroundColor) for GLCD_SetForegroundColor
    glcd.o(i.readingPage) refers to glcd_fonts.o(.constdata) for GLCD_Font_16x24
    main.o(i.HAL_GetTick) refers to rt_time.o(.data) for os_time
    main.o(i.main) refers to stm32f7xx_hal_rcc.o(i.HAL_RCC_OscConfig) for HAL_RCC_OscConfig
    main.o(i.main) refers to stm32f7xx_hal_rcc.o(i.HAL_RCC_ClockConfig) for HAL_RCC_ClockConfig
    main.o(i.main) refers to stm32f7xx_hal_adc.o(i.HAL_ADC_Init) for HAL_ADC_Init
    main.o(i.main) refers to glcd_746g_discovery.o(i.GLCD_Initialize) for GLCD_Initialize
    main.o(i.main) refers to touch_746g_discovery.o(i.Touch_Initialize) for Touch_Initialize
    main.o(i.main) refers to stm32f7xx_hal.o(i.HAL_Init) for HAL_Init
    main.o(i.main) refers to watersensor.o(i.water_Config) for water_Config
    main.o(i.main) refers to relay.o(i.relay_init) for relay_init
    main.o(i.main) refers to buzzer.o(i.buzzer_init) for buzzer_init
    main.o(i.main) refers to glcd.o(i.backgroundColor) for backgroundColor
    main.o(i.main) refers to glcd.o(i.homePage) for homePage
    main.o(i.main) refers to led.o(i.led_GPIO_Init) for led_GPIO_Init
    main.o(i.main) refers to button.o(i.button_GPIO_Init) for button_GPIO_Init
    main.o(i.main) refers to stm32f7xx_hal_adc.o(i.HAL_ADC_Start) for HAL_ADC_Start
    main.o(i.main) refers to stm32f7xx_hal_adc.o(i.HAL_ADC_PollForConversion) for HAL_ADC_PollForConversion
    main.o(i.main) refers to stm32f7xx_hal_adc.o(i.HAL_ADC_GetValue) for HAL_ADC_GetValue
    main.o(i.main) refers to touch_746g_discovery.o(i.Touch_GetState) for Touch_GetState
    main.o(i.main) refers to glcd.o(i.readingPage) for readingPage
    main.o(i.main) refers to noretval__2sprintf.o(.text) for __2sprintf
    main.o(i.main) refers to glcd_746g_discovery.o(i.GLCD_DrawString) for GLCD_DrawString
    main.o(i.main) refers to relay.o(i.relay_off) for relay_off
    main.o(i.main) refers to buzzer.o(i.buzzer_off) for buzzer_off
    main.o(i.main) refers to led.o(i.led_off) for led_off
    main.o(i.main) refers to relay.o(i.relay_on) for relay_on
    main.o(i.main) refers to buzzer.o(i.buzzer_on) for buzzer_on
    main.o(i.main) refers to led.o(i.led_on) for led_on
[...]
    i.rt_switch_req                          0x08004c78   Section        0  rt_task.o(i.rt_switch_req)
    i.rt_sys_init                            0x08004ca0   Section        0  rt_task.o(i.rt_sys_init)
    i.rt_sys_start                           0x08004d6c   Section        0  rt_task.o(i.rt_sys_start)
    i.rt_systick                             0x08004de4   Section        0  rt_system.o(i.rt_systick)
    i.rt_tid2ptcb                            0x08004e24   Section        0  rt_cmsis.o(i.rt_tid2ptcb)
    rt_tid2ptcb                              0x08004e25   Thumb Code    18  rt_cmsis.o(i.rt_tid2ptcb)
    i.rt_timer_insert                        0x08004e38   Section        0  rt_cmsis.o(i.rt_timer_insert)
    rt_timer_insert                          0x08004e39   Thumb Code    48  rt_cmsis.o(i.rt_timer_insert)
    i.rt_tsk_create                          0x08004e6c   Section        0  rt_task.o(i.rt_tsk_create)
    i.rt_tsk_delete                          0x08004ef4   Section        0  rt_task.o(i.rt_tsk_delete)
    i.rt_tsk_prio                            0x08005070   Section        0  rt_task.o(i.rt_tsk_prio)
    i.rt_tsk_self                            0x080050ec   Section        0  rt_task.o(i.rt_tsk_self)
    i.svcKernelInitialize                    0x080050fc   Section        0  rt_cmsis.o(i.svcKernelInitialize)
    i.svcKernelStart                         0x0800516c   Section        0  rt_cmsis.o(i.svcKernelStart)
    i.svcMessageCreate                       0x080051b4   Section        0  rt_cmsis.o(i.svcMessageCreate)
    i.svcMessageGet                          0x080051d8   Section        0  rt_cmsis.o(i.svcMessageGet)
    i.svcThreadCreate                        0x08005214   Section        0  rt_cmsis.o(i.svcThreadCreate)
    i.svcThreadGetId                         0x08005280   Section        0  rt_cmsis.o(i.svcThreadGetId)
    i.svcThreadTerminate                     0x0800529c   Section        0  rt_cmsis.o(i.svcThreadTerminate)
    i.svcTimerCall                           0x080052d4   Section        0  rt_cmsis.o(i.svcTimerCall)
    i.sysTimerTick                           0x080052ec   Section        0  rt_cmsis.o(i.sysTimerTick)
    i.water_ADC_Init                         0x08005348   Section        0  watersensor.o(i.water_ADC_Init)
    i.water_Config                           0x0800537c   Section        0  watersensor.o(i.water_Config)
    i.water_GPIO_Init                        0x08005388   Section        0  watersensor.o(i.water_GPIO_Init)
    x$fpl$fpinit                             0x080053c8   Section       10  fpinit.o(x$fpl$fpinit)
    $v0                                      0x080053c8   Number         0  fpinit.o(x$fpl$fpinit)
    .constdata                               0x080053d4   Section     6304  glcd_fonts.o(.constdata)
    Font_6x8_h                               0x080053d4   Data         896  glcd_fonts.o(.constdata)
    Font_16x24_h                             0x08005754   Data        5376  glcd_fonts.o(.constdata)
    .constdata                               0x08006c74   Section      104  rtx_conf_cm.o(.constdata)
    __tagsym$$used                           0x08006c90   Number         0  rtx_conf_cm.o(.constdata)
    __tagsym$$used                           0x08006c94   Number         0  rtx_conf_cm.o(.constdata)
    __tagsym$$used                           0x08006c98   Number         0  rtx_conf_cm.o(.constdata)
    __tagsym$$used                           0x08006c9c   Number         0  rtx_conf_cm.o(.constdata)
    .constdata                               0x08006cdc   Section        8  stm32f7xx_hal_dma.o(.constdata)
    flagBitshiftOffset                       0x08006cdc   Data           8  stm32f7xx_hal_dma.o(.constdata)
    .constdata                               0x08006ce4   Section       24  system_stm32f7xx.o(.constdata)
    .data                                    0x20010000   Section       46  ft5336.o(.data)
    ft5336_handle                            0x20010028   Data           3  ft5336.o(.data)
    coord                                    0x2001002c   Data           2  ft5336.o(.data)
    .data                                    0x2001002e   Section        2  stm32746g_discovery_sdram.o(.data)
    sdramstatus                              0x2001002e   Data           1  stm32746g_discovery_sdram.o(.data)
    sdramstatus                              0x2001002f   Data           1  stm32746g_discovery_sdram.o(.data)
    .data                                    0x20010030   Section       10  stm32746g_discovery_ts.o(.data)
    tsDriver                                 0x20010030   Data           4  stm32746g_discovery_ts.o(.data)
    tsXBoundary                              0x20010034   Data           2  stm32746g_discovery_ts.o(.data)
    tsYBoundary                              0x20010036   Data           2  stm32746g_discovery_ts.o(.data)
    tsOrientation                            0x20010038   Data           1  stm32746g_discovery_ts.o(.data)
    I2cAddress                               0x20010039   Data           1  stm32746g_discovery_ts.o(.data)
    .data                                    0x2001003c   Section        8  glcd_746g_discovery.o(.data)
    foreground_color                         0x2001003c   Data           2  glcd_746g_discovery.o(.data)
    background_color                         0x2001003e   Data           2  glcd_746g_discovery.o(.data)
    active_font                              0x20010040   Data           4  glcd_746g_discovery.o(.data)
    .data                                    0x20010044   Section       20  rtx_conf_cm.o(.data)
    nr_mutex                                 0x20010054   Data           4  rtx_conf_cm.o(.data)
    .data                                    0x20010058   Section        9  stm32f7xx_hal.o(.data)
    .data                                    0x20010064   Section        4  system_stm32f7xx.o(.data)
    .data                                    0x20010068   Section        8  rt_cmsis.o(.data)
    .data                                    0x20010070   Section        8  rt_task.o(.data)
    .data                                    0x20010078   Section        4  rt_time.o(.data)
    .data                                    0x2001007c   Section        8  rt_system.o(.data)
    os_lock                                  0x2001007c   Data           1  rt_system.o(.data)
    os_psh_flag                              0x2001007d   Data           1  rt_system.o(.data)
    pend_flags                               0x2001007e   Data           1  rt_system.o(.data)
    .data                                    0x20010084   Section        8  rt_robin.o(.data)
    .data                                    0x2001008c   Section        1  hal_cm.o(.data)
    .bss                                     0x20010090   Section       56  watersensor.o(.bss)
    .bss                                     0x200100c8   Section       20  relay.o(.bss)
    .bss                                     0x200100dc   Section       20  buzzer.o(.bss)
    .bss                                     0x200100f0   Section      144  main.o(.bss)
    .bss                                     0x20010180   Section       20  led.o(.bss)
    .bss                                     0x20010194   Section       20  button.o(.bss)
    .bss                                     0x200101a8   Section      152  stm32746g_discovery.o(.bss)
    hI2cAudioHandler                         0x200101a8   Data          76  stm32746g_discovery.o(.bss)
    hI2cExtHandler                           0x200101f4   Data          76  stm32746g_discovery.o(.bss)
    .bss                                     0x20010240   Section      288  stm32746g_discovery_sdram.o(.bss)
    Timing                                   0x20010274   Data          28  stm32746g_discovery_sdram.o(.bss)
    Command                                  0x20010290   Data          16  stm32746g_discovery_sdram.o(.bss)
    dma_handle                               0x200102a0   Data          96  stm32746g_discovery_sdram.o(.bss)
    dma_handle                               0x20010300   Data          96  stm32746g_discovery_sdram.o(.bss)
    .bss                                     0x20010360   Section       40  stm32746g_discovery_ts.o(.bss)
    _x                                       0x20010360   Data          20  stm32746g_discovery_ts.o(.bss)
    _y                                       0x20010374   Data          20  stm32746g_discovery_ts.o(.bss)
    .bss                                     0x20010388   Section      168  glcd_746g_discovery.o(.bss)
    LTDC_Handle                              0x20010388   Data         168  glcd_746g_discovery.o(.bss)
    .bss                                     0x20010430   Section     3016  rtx_conf_cm.o(.bss)
    std_libspace                             0x20010cd8   Data         672  rtx_conf_cm.o(.bss)
    std_libmutex                             0x20010f78   Data         128  rtx_conf_cm.o(.bss)
    .bss                                     0x20010ff8   Section       52  rt_task.o(.bss)
    .bss                                     0x2001102c   Section       48  rt_list.o(.bss)
    .bss                                     0x2001105c   Section       96  libspace.o(.bss)
    HEAP                                     0x200110c0   Section      512  startup_stm32f746xx.o(HEAP)
    Heap_Mem                                 0x200110c0   Data         512  startup_stm32f746xx.o(HEAP)
    STACK                                    0x200112c0   Section     1024  startup_stm32f746xx.o(STACK)
    Stack_Mem                                0x200112c0   Data        1024  startup_stm32f746xx.o(STACK)
    __initial_sp                             0x200116c0   Data           0  startup_stm32f746xx.o(STACK)
    .ARM.__AT_0xC0000000                     0xc0000000   Section    261120  glcd_746g_discovery.o(.ARM.__AT_0xC0000000)
    frame_buf                                0xc0000000   Data       261120  glcd_746g_discovery.o(.ARM.__AT_0xC0000000)

    Global Symbols

    Symbol Name                              Value     Ov Type        Size  Object(Section)

    BuildAttributes$$THM_ISAv4$E$P$D$K$B$S$7EM$VFPi5$EXTD16$VFPS$VFMA$PE$PLD8$A:L22UL41UL21$X:L11$S22US41US21$IEEE1$IW$USESV6$~STKCKD$USESV7$~SHL$OSPACE$ROPI$EBA8$UX$STANDARDLIB$REQ8$PRES8$EABIv2 0x00000000   Number         0  anon$$obj.o ABSOLUTE
    __ARM_use_no_argv                        0x00000000   Number         0  main.o ABSOLUTE
    __ARM_exceptions_init                     - Undefined Weak Reference
    __alloca_initialize                       - Undefined Weak Reference
    __arm_preinit_                            - Undefined Weak Reference
    __cpp_initialize__aeabi_                  - Undefined Weak Reference
    __cxa_finalize                            - Undefined Weak Reference
    __rt_locale                               - Undefined Weak Reference
    __sigvec_lookup                           - Undefined Weak Reference
    _atexit_init                              - Undefined Weak Reference
    _call_atexit_fns                          - Undefined Weak Reference
    _clock_init                               - Undefined Weak Reference
    _fp_trap_init                             - Undefined Weak Reference
    _fp_trap_shutdown                         - Undefined Weak Reference
    _get_lc_collate                           - Undefined Weak Reference
    _get_lc_ctype                             - Undefined Weak Reference
    _get_lc_monetary                          - Undefined Weak Reference
    _get_lc_numeric                           - Undefined Weak Reference
    _get_lc_time                              - Undefined Weak Reference
    _getenv_init                              - Undefined Weak Reference
    _handle_redirection                       - Undefined Weak Reference
    _init_alloc                               - Undefined Weak Reference
    _init_user_alloc                          - Undefined Weak Reference
    _initio                                   - Undefined Weak Reference
    _rand_init                                - Undefined Weak Reference
    _signal_finish                            - Undefined Weak Reference
    _signal_init                              - Undefined Weak Reference
    _terminate_alloc                          - Undefined Weak Reference
    _terminate_user_alloc                     - Undefined Weak Reference
    _terminateio                              - Undefined Weak Reference
    __Vectors_Size                           0x000001c8   Number         0  startup_stm32f746xx.o ABSOLUTE
    __RL_RTX_VER                             0x00000482   Number         0  rt_system.o ABSOLUTE
    __Vectors                                0x08000000   Data           4  startup_stm32f746xx.o(RESET)
    __Vectors_End                            0x080001c8   Data           0  startup_stm32f746xx.o(RESET)
    __main                                   0x080001c9   Thumb Code     8  __main.o(!!!main)
    __scatterload                            0x080001d1   Thumb Code     0  __scatter.o(!!!scatter)
    __scatterload_rt2                        0x080001d1   Thumb Code    44  __scatter.o(!!!scatter)
    __scatterload_rt2_thumb_only             0x080001d1   Thumb Code     0  __scatter.o(!!!scatter)
    __scatterload_null                       0x080001df   Thumb Code     0  __scatter.o(!!!scatter)
    __scatterload_copy                       0x08000205   Thumb Code    26  __scatter_copy.o(!!handler_copy)
    __scatterload_zeroinit                   0x08000221   Thumb Code    28  __scatter_zi.o(!!handler_zi)
    __rt_lib_init                            0x0800023d   Thumb Code     0  libinit.o(.ARM.Collect$$libinit$$00000000)
    __rt_lib_init_fp_1                       0x0800023f   Thumb Code     0  libinit2.o(.ARM.Collect$$libinit$$00000001)
    __rt_lib_init_alloca_1                   0x08000243   Thumb Code     0  libinit2.o(.ARM.Collect$$libinit$$0000002E)
    __rt_lib_init_argv_1                     0x08000243   Thumb Code     0  libinit2.o(.ARM.Collect$$libinit$$0000002C)
    __rt_lib_init_atexit_1                   0x08000243   Thumb Code     0  libinit2.o(.ARM.Collect$$libinit$$0000001B)
    __rt_lib_init_clock_1                    0x08000243   Thumb Code     0  libinit2.o(.ARM.Collect$$libinit$$00000021)
    __rt_lib_init_cpp_1                      0x08000243   Thumb Code     0  libinit2.o(.ARM.Collect$$libinit$$00000032)
    __rt_lib_init_exceptions_1               0x08000243   Thumb Code     0  libinit2.o(.ARM.Collect$$libinit$$00000030)
    __rt_lib_init_fp_trap_1                  0x08000243   Thumb Code     0  libinit2.o(.ARM.Collect$$libinit$$0000001F)
    __rt_lib_init_getenv_1                   0x08000243   Thumb Code     0  libinit2.o(.ARM.Collect$$libinit$$00000023)
    __rt_lib_init_heap_1                     0x08000243   Thumb Code     0  libinit2.o(.ARM.Collect$$libinit$$0000000A)
    __rt_lib_init_lc_collate_1               0x08000243   Thumb Code     0  libinit2.o(.ARM.Collect$$libinit$$00000011)
    __rt_lib_init_lc_ctype_1                 0x08000243   Thumb Code     0  libinit2.o(.ARM.Collect$$libinit$$00000013)
    __rt_lib_init_lc_monetary_1              0x08000243   Thumb Code     0  libinit2.o(.ARM.Collect$$libinit$$00000015)
    __rt_lib_init_lc_numeric_1               0x08000243   Thumb Code     0  libinit2.o(.ARM.Collect$$libinit$$00000017)
    __rt_lib_init_lc_time_1                  0x08000243   Thumb Code     0  libinit2.o(.ARM.Collect$$libinit$$00000019)
    __rt_lib_init_preinit_1                  0x08000243   Thumb Code     0  libinit2.o(.ARM.Collect$$libinit$$00000004)
    __rt_lib_init_rand_1                     0x08000243   Thumb Code     0  libinit2.o(.ARM.Collect$$libinit$$0000000E)
    __rt_lib_init_return                     0x08000243   Thumb Code     0  libinit2.o(.ARM.Collect$$libinit$$00000033)
    __rt_lib_init_signal_1                   0x08000243   Thumb Code     0  libinit2.o(.ARM.Collect$$libinit$$0000001D)
    __rt_lib_init_stdio_1                    0x08000243   Thumb Code     0  libinit2.o(.ARM.Collect$$libinit$$00000025)
    __rt_lib_init_user_alloc_1               0x08000243   Thumb Code     0  libinit2.o(.ARM.Collect$$libinit$$0000000C)
    __rt_lib_shutdown                        0x08000245   Thumb Code     0  libshutdown.o(.ARM.Collect$$libshutdown$$00000000)
    __rt_lib_shutdown_cpp_1                  0x08000247   Thumb Code     0  libshutdown2.o(.ARM.Collect$$libshutdown$$00000002)
    __rt_lib_shutdown_fp_trap_1              0x08000247   Thumb Code     0  libshutdown2.o(.ARM.Collect$$libshutdown$$00000007)
    __rt_lib_shutdown_heap_1                 0x08000247   Thumb Code     0  libshutdown2.o(.ARM.Collect$$libshutdown$$0000000F)
    __rt_lib_shutdown_return                 0x08000247   Thumb Code     0  libshutdown2.o(.ARM.Collect$$libshutdown$$00000010)
    __rt_lib_shutdown_signal_1               0x08000247   Thumb Code     0  libshutdown2.o(.ARM.Collect$$libshutdown$$0000000A)
    __rt_lib_shutdown_stdio_1                0x08000247   Thumb Code     0  libshutdown2.o(.ARM.Collect$$libshutdown$$00000004)
    __rt_lib_shutdown_user_alloc_1           0x08000247   Thumb Code     0  libshutdown2.o(.ARM.Collect$$libshutdown$$0000000C)
    __rt_entry                               0x08000249   Thumb Code     0  __rtentry.o(.ARM.Collect$$rtentry$$00000000)
    __rt_entry_presh_1                       0x08000249   Thumb Code     0  __rtentry2.o(.ARM.Collect$$rtentry$$00000002)
    __rt_entry_sh                            0x08000249   Thumb Code     0  __rtentry4.o(.ARM.Collect$$rtentry$$00000004)
    __rt_entry_li                            0x0800024f   Thumb Code     0  __rtentry2.o(.ARM.Collect$$rtentry$$0000000A)
    __rt_entry_postsh_1                      0x0800024f   Thumb Code     0  __rtentry2.o(.ARM.Collect$$rtentry$$00000009)
    __rt_entry_postli_1                      0x08000253   Thumb Code     0  __rtentry2.o(.ARM.Collect$$rtentry$$0000000B)
    __rt_entry_main                          0x0800025b   Thumb Code     0  __rtentry2.o(.ARM.Collect$$rtentry$$0000000D)
    __rt_exit                                0x08000263   Thumb Code     0  rtexit.o(.ARM.Collect$$rtexit$$00000000)
    __rt_exit_ls                             0x08000265   Thumb Code     0  rtexit2.o(.ARM.Collect$$rtexit$$00000003)
    __rt_exit_prels_1                        0x08000265   Thumb Code     0  rtexit2.o(.ARM.Collect$$rtexit$$00000002)
    __rt_exit_exit                           0x08000269   Thumb Code     0  rtexit2.o(.ARM.Collect$$rtexit$$00000004)
    _platform_post_lib_init                  0x08000271   Thumb Code    24  rtx_conf_cm.o(.emb_text)
    rt_set_PSP                               0x0800028d   Thumb Code     6  hal_cm4.o(.emb_text)
    rt_get_PSP                               0x08000293   Thumb Code     6  hal_cm4.o(.emb_text)
    os_set_env                               0x08000299   Thumb Code    24  hal_cm4.o(.emb_text)
    _alloc_box                               0x080002b5   Thumb Code    28  hal_cm4.o(.emb_text)
    _free_box                                0x080002d5   Thumb Code    28  hal_cm4.o(.emb_text)
    SVC_Handler                              0x080002f5   Thumb Code   168  hal_cm4.o(.emb_text)
    PendSV_Handler                           0x080003ad   Thumb Code    96  hal_cm4.o(.emb_text)
    SysTick_Handler                          0x08000411   Thumb Code     8  hal_cm4.o(.emb_text)
    OS_Tick_Handler                          0x08000419   Thumb Code    12  hal_cm4.o(.emb_text)
    Reset_Handler                            0x08000425   Thumb Code     8  startup_stm32f746xx.o(.text)
    NMI_Handler                              0x0800042d   Thumb Code     2  startup_stm32f746xx.o(.text)
    HardFault_Handler                        0x0800042f   Thumb Code     2  startup_stm32f746xx.o(.text)
    MemManage_Handler                        0x08000431   Thumb Code     2  startup_stm32f746xx.o(.text)
    BusFault_Handler                         0x08000433   Thumb Code     2  startup_stm32f746xx.o(.text)
    UsageFault_Handler                       0x08000435   Thumb Code     2  startup_stm32f746xx.o(.text)
    DebugMon_Handler                         0x08000439   Thumb Code     2  startup_stm32f746xx.o(.text)
    ADC_IRQHandler                           0x0800043f   Thumb Code     0  startup_stm32f746xx.o(.text)
    CAN1_RX0_IRQHandler                      0x0800043f   Thumb Code     0  startup_stm32f746xx.o(.text)
    CAN1_RX1_IRQHandler                      0x0800043f   Thumb Code     0  startup_stm32f746xx.o(.text)
    CAN1_SCE_IRQHandler                      0x0800043f   Thumb Code     0  startup_stm32f746xx.o(.text)
    CAN1_TX_IRQHandler                       0x0800043f   Thumb Code     0  startup_stm32f746xx.o(.text)
    CAN2_RX0_IRQHandler                      0x0800043f   Thumb Code     0  startup_stm32f746xx.o(.text)
    CAN2_RX1_IRQHandler                      0x0800043f   Thumb Code     0  startup_stm32f746xx.o(.text)
    CAN2_SCE_IRQHandler                      0x0800043f   Thumb Code     0  startup_stm32f746xx.o(.text)
    CAN2_TX_IRQHandler                       0x0800043f   Thumb Code     0  startup_stm32f746xx.o(.text)
    CEC_IRQHandler                           0x0800043f   Thumb Code     0  startup_stm32f746xx.o(.text)
    DCMI_IRQHandler                          0x0800043f   Thumb Code     0  startup_stm32f746xx.o(.text)
    DMA1_Stream0_IRQHandler                  0x0800043f   Thumb Code     0  startup_stm32f746xx.o(.text)
    DMA1_Stream1_IRQHandler                  0x0800043f   Thumb Code     0  startup_stm32f746xx.o(.text)
    DMA1_Stream2_IRQHandler                  0x0800043f   Thumb Code     0  startup_stm32f746xx.o(.text)
    DMA1_Stream3_IRQHandler                  0x0800043f   Thumb Code     0  startup_stm32f746xx.o(.text)
    DMA1_Stream4_IRQHandler                  0x0800043f   Thumb Code     0  startup_stm32f746xx.o(.text)
    DMA1_Stream5_IRQHandler                  0x0800043f   Thumb Code     0  startup_stm32f746xx.o(.text)
    DMA1_Stream6_IRQHandler                  0x0800043f   Thumb Code     0  startup_stm32f746xx.o(.text)
    DMA1_Stream7_IRQHandler                  0x0800043f   Thumb Code     0  startup_stm32f746xx.o(.text)
    DMA2D_IRQHandler                         0x0800043f   Thumb Code     0  startup_stm32f746xx.o(.text)
    DMA2_Stream0_IRQHandler                  0x0800043f   Thumb Code     0  startup_stm32f746xx.o(.text)
    DMA2_Stream1_IRQHandler                  0x0800043f   Thumb Code     0  startup_stm32f746xx.o(.text)
    DMA2_Stream2_IRQHandler                  0x0800043f   Thumb Code     0  startup_stm32f746xx.o(.text)
    DMA2_Stream3_IRQHandler                  0x0800043f   Thumb Code     0  startup_stm32f746xx.o(.text)
    DMA2_Stream4_IRQHandler                  0x0800043f   Thumb Code     0  startup_stm32f746xx.o(.text)
    DMA2_Stream5_IRQHandler                  0x0800043f   Thumb Code     0  startup_stm32f746xx.o(.text)
    DMA2_Stream6_IRQHandler                  0x0800043f   Thumb Code     0  startup_stm32f746xx.o(.text)
    DMA2_Stream7_IRQHandler                  0x0800043f   Thumb Code     0  startup_stm32f746xx.o(.text)
    ETH_IRQHandler                           0x0800043f   Thumb Code     0  startup_stm32f746xx.o(.text)
    ETH_WKUP_IRQHandler                      0x0800043f   Thumb Code     0  startup_stm32f746xx.o(.text)
    EXTI0_IRQHandler                         0x0800043f   Thumb Code     0  startup_stm32f746xx.o(.text)
    EXTI15_10_IRQHandler                     0x0800043f   Thumb Code     0  startup_stm32f746xx.o(.text)
    EXTI1_IRQHandler                         0x0800043f   Thumb Code     0  startup_stm32f746xx.o(.text)
    EXTI2_IRQHandler                         0x0800043f   Thumb Code     0  startup_stm32f746xx.o(.text)
    EXTI3_IRQHandler                         0x0800043f   Thumb Code     0  startup_stm32f746xx.o(.text)
    EXTI4_IRQHandler                         0x0800043f   Thumb Code     0  startup_stm32f746xx.o(.text)
    EXTI9_5_IRQHandler                       0x0800043f   Thumb Code     0  startup_stm32f746xx.o(.text)
    FLASH_IRQHandler                         0x0800043f   Thumb Code     0  startup_stm32f746xx.o(.text)
    FMC_IRQHandler                           0x0800043f   Thumb Code     0  startup_stm32f746xx.o(.text)
    FPU_IRQHandler                           0x0800043f   Thumb Code     0  startup_stm32f746xx.o(.text)
    I2C1_ER_IRQHandler                       0x0800043f   Thumb Code     0  startup_stm32f746xx.o(.text)
    I2C1_EV_IRQHandler                       0x0800043f   Thumb Code     0  startup_stm32f746xx.o(.text)
    I2C2_ER_IRQHandler                       0x0800043f   Thumb Code     0  startup_stm32f746xx.o(.text)
    I2C2_EV_IRQHandler                       0x0800043f   Thumb Code     0  startup_stm32f746xx.o(.text)
    I2C3_ER_IRQHandler                       0x0800043f   Thumb Code     0  startup_stm32f746xx.o(.text)
    I2C3_EV_IRQHandler                       0x0800043f   Thumb Code     0  startup_stm32f746xx.o(.text)
    I2C4_ER_IRQHandler                       0x0800043f   Thumb Code     0  startup_stm32f746xx.o(.text)
    I2C4_EV_IRQHandler                       0x0800043f   Thumb Code     0  startup_stm32f746xx.o(.text)
    LPTIM1_IRQHandler                        0x0800043f   Thumb Code     0  startup_stm32f746xx.o(.text)
    LTDC_ER_IRQHandler                       0x0800043f   Thumb Code     0  startup_stm32f746xx.o(.text)
    LTDC_IRQHandler                          0x0800043f   Thumb Code     0  startup_stm32f746xx.o(.text)
    OTG_FS_IRQHandler                        0x0800043f   Thumb Code     0  startup_stm32f746xx.o(.text)
    OTG_FS_WKUP_IRQHandler                   0x0800043f   Thumb Code     0  startup_stm32f746xx.o(.text)
    OTG_HS_EP1_IN_IRQHandler                 0x0800043f   Thumb Code     0  startup_stm32f746xx.o(.text)
    OTG_HS_EP1_OUT_IRQHandler                0x0800043f   Thumb Code     0  startup_stm32f746xx.o(.text)
    OTG_HS_IRQHandler                        0x0800043f   Thumb Code     0  startup_stm32f746xx.o(.text)
    OTG_HS_WKUP_IRQHandler                   0x0800043f   Thumb Code     0  startup_stm32f746xx.o(.text)
    PVD_IRQHandler                           0x0800043f   Thumb Code     0  startup_stm32f746xx.o(.text)
    QUADSPI_IRQHandler                       0x0800043f   Thumb Code     0  startup_stm32f746xx.o(.text)
    RCC_IRQHandler                           0x0800043f   Thumb Code     0  startup_stm32f746xx.o(.text)
    RNG_IRQHandler                           0x0800043f   Thumb Code     0  startup_stm32f746xx.o(.text)
    RTC_Alarm_IRQHandler                     0x0800043f   Thumb Code     0  startup_stm32f746xx.o(.text)
    RTC_WKUP_IRQHandler                      0x0800043f   Thumb Code     0  startup_stm32f746xx.o(.text)
    SAI1_IRQHandler                          0x0800043f   Thumb Code     0  startup_stm32f746xx.o(.text)
    SAI2_IRQHandler                          0x0800043f   Thumb Code     0  startup_stm32f746xx.o(.text)
    SDMMC1_IRQHandler                        0x0800043f   Thumb Code     0  startup_stm32f746xx.o(.text)
    SPDIF_RX_IRQHandler                      0x0800043f   Thumb Code     0  startup_stm32f746xx.o(.text)
    SPI1_IRQHandler                          0x0800043f   Thumb Code     0  startup_stm32f746xx.o(.text)
    SPI2_IRQHandler                          0x0800043f   Thumb Code     0  startup_stm32f746xx.o(.text)
    SPI3_IRQHandler                          0x0800043f   Thumb Code     0  startup_stm32f746xx.o(.text)
    SPI4_IRQHandler                          0x0800043f   Thumb Code     0  startup_stm32f746xx.o(.text)
    SPI5_IRQHandler                          0x0800043f   Thumb Code     0  startup_stm32f746xx.o(.text)
    SPI6_IRQHandler                          0x0800043f   Thumb Code     0  startup_stm32f746xx.o(.text)
    TAMP_STAMP_IRQHandler                    0x0800043f   Thumb Code     0  startup_stm32f746xx.o(.text)
    TIM1_BRK_TIM9_IRQHandler                 0x0800043f   Thumb Code     0  startup_stm32f746xx.o(.text)
    TIM1_CC_IRQHandler                       0x0800043f   Thumb Code     0  startup_stm32f746xx.o(.text)
    TIM1_TRG_COM_TIM11_IRQHandler            0x0800043f   Thumb Code     0  startup_stm32f746xx.o(.text)
    TIM1_UP_TIM10_IRQHandler                 0x0800043f   Thumb Code     0  startup_stm32f746xx.o(.text)
    TIM2_IRQHandler                          0x0800043f   Thumb Code     0  startup_stm32f746xx.o(.text)
    TIM3_IRQHandler                          0x0800043f   Thumb Code     0  startup_stm32f746xx.o(.text)
    TIM4_IRQHandler                          0x0800043f   Thumb Code     0  startup_stm32f746xx.o(.text)
    TIM5_IRQHandler                          0x0800043f   Thumb Code     0  startup_stm32f746xx.o(.text)
    TIM6_DAC_IRQHandler                      0x0800043f   Thumb Code     0  startup_stm32f746xx.o(.text)
    TIM7_IRQHandler                          0x0800043f   Thumb Code     0  startup_stm32f746xx.o(.text)
    TIM8_BRK_TIM12_IRQHandler                0x0800043f   Thumb Code     0  startup_stm32f746xx.o(.text)
    TIM8_CC_IRQHandler                       0x0800043f   Thumb Code     0  startup_stm32f746xx.o(.text)
    TIM8_TRG_COM_TIM14_IRQHandler            0x0800043f   Thumb Code     0  startup_stm32f746xx.o(.text)
    TIM8_UP_TIM13_IRQHandler                 0x0800043f   Thumb Code     0  startup_stm32f746xx.o(.text)
    UART4_IRQHandler                         0x0800043f   Thumb Code     0  startup_stm32f746xx.o(.text)
    UART5_IRQHandler                         0x0800043f   Thumb Code     0  startup_stm32f746xx.o(.text)
    UART7_IRQHandler                         0x0800043f   Thumb Code     0  startup_stm32f746xx.o(.text)
    UART8_IRQHandler                         0x0800043f   Thumb Code     0  startup_stm32f746xx.o(.text)
    USART1_IRQHandler                        0x0800043f   Thumb Code     0  startup_stm32f746xx.o(.text)
    USART2_IRQHandler                        0x0800043f   Thumb Code     0  startup_stm32f746xx.o(.text)
    USART3_IRQHandler                        0x0800043f   Thumb Code     0  startup_stm32f746xx.o(.text)
    USART6_IRQHandler                        0x0800043f   Thumb Code     0  startup_stm32f746xx.o(.text)
    WWDG_IRQHandler                          0x0800043f   Thumb Code     0  startup_stm32f746xx.o(.text)
    __user_initial_stackheap                 0x08000441   Thumb Code     0  startup_stm32f746xx.o(.text)
    __user_libspace                          0x08000465   Thumb Code     8  libspace.o(.text)
    __user_perproc_libspace                  0x08000465   Thumb Code     0  libspace.o(.text)
    __aeabi_uldivmod                         0x0800046d   Thumb Code     0  lludivv7m.o(.text)
    _ll_udiv                                 0x0800046d   Thumb Code   238  lludivv7m.o(.text)
    __2sprintf                               0x0800055d   Thumb Code    34  noretval__2sprintf.o(.text)
    exit                                     0x08000585   Thumb Code    18  exit.o(.text)
    __aeabi_memcpy4                          0x08000597   Thumb Code     0  rt_memcpy_w.o(.text)
    __aeabi_memcpy8                          0x08000597   Thumb Code     0  rt_memcpy_w.o(.text)
    __rt_memcpy_w                            0x08000597   Thumb Code   100  rt_memcpy_w.o(.text)
    _memcpy_lastbytes_aligned                0x080005df   Thumb Code     0  rt_memcpy_w.o(.text)
    __use_two_region_memory                  0x080005fb   Thumb Code     2  heapauxi.o(.text)
    __rt_heap_escrow$2region                 0x080005fd   Thumb Code     2  heapauxi.o(.text)
    __rt_heap_expand$2region                 0x080005ff   Thumb Code     2  heapauxi.o(.text)
    _printf_char_common                      0x0800060b   Thumb Code    32  _printf_char_common.o(.text)
    _sputc                                   0x08000631   Thumb Code    10  _sputc.o(.text)
    __printf                                 0x0800063b   Thumb Code    40  __printf_nopercent.o(.text)
    _sys_exit                                0x08000665   Thumb Code     8  sys_exit.o(.text)
    __user_setup_stackheap                   0x08000671   Thumb Code    74  sys_stackheap_outer.o(.text)
    __I$use$semihosting                      0x080006bb   Thumb Code     0  use_no_semi.o(.text)
    __use_no_semihosting_swi                 0x080006bb   Thumb Code     2  use_no_semi.o(.text)
    SVC_Count                                0x080006bc   Data           4  svc_table.o(SVC_TABLE)
    __semihosting_library_function           0x080006bd   Thumb Code     0  indicate_semi.o(.text)
    SVC_Table                                0x080006c0   Data           0  svc_table.o(SVC_TABLE)
    BSP_SDRAM_Init                           0x0800082d   Thumb Code   122  stm32746g_discovery_sdram.o(i.BSP_SDRAM_Init)
    BSP_SDRAM_Initialization_sequence        0x080008b9   Thumb Code   142  stm32746g_discovery_sdram.o(i.BSP_SDRAM_Initialization_sequence)
    BSP_SDRAM_MspInit                        0x08000951   Thumb Code   418  stm32746g_discovery_sdram.o(i.BSP_SDRAM_MspInit)
    BSP_TS_GetState                          0x08000b19   Thumb Code   526  stm32746g_discovery_ts.o(i.BSP_TS_GetState)
    BSP_TS_Get_GestureId                     0x08000d45   Thumb Code   106  stm32746g_discovery_ts.o(i.BSP_TS_Get_GestureId)
    BSP_TS_Init                              0x08000db5   Thumb Code    74  stm32746g_discovery_ts.o(i.BSP_TS_Init)
    FMC_SDRAM_Init                           0x08000ef7   Thumb Code   116  stm32f7xx_ll_fmc.o(i.FMC_SDRAM_Init)
    FMC_SDRAM_ProgramRefreshRate             0x08000f6b   Thumb Code    14  stm32f7xx_ll_fmc.o(i.FMC_SDRAM_ProgramRefreshRate)
    FMC_SDRAM_SendCommand                    0x08000f79   Thumb Code    38  stm32f7xx_ll_fmc.o(i.FMC_SDRAM_SendCommand)
    FMC_SDRAM_Timing_Init                    0x08000fa1   Thumb Code   152  stm32f7xx_ll_fmc.o(i.FMC_SDRAM_Timing_Init)
    GLCD_ClearScreen                         0x0800103d   Thumb Code    26  glcd_746g_discovery.o(i.GLCD_ClearScreen)
    GLCD_DrawChar                            0x08001061   Thumb Code   198  glcd_746g_discovery.o(i.GLCD_DrawChar)
    GLCD_DrawString                          0x08001139   Thumb Code    38  glcd_746g_discovery.o(i.GLCD_DrawString)
    GLCD_Initialize                          0x08001165   Thumb Code   502  glcd_746g_discovery.o(i.GLCD_Initialize)
    GLCD_SetBackgroundColor                  0x0800137d   Thumb Code    10  glcd_746g_discovery.o(i.GLCD_SetBackgroundColor)
    GLCD_SetFont                             0x0800138d   Thumb Code    10  glcd_746g_discovery.o(i.GLCD_SetFont)
    GLCD_SetForegroundColor                  0x0800139d   Thumb Code    10  glcd_746g_discovery.o(i.GLCD_SetForegroundColor)
    HAL_ADC_GetValue                         0x080013ad   Thumb Code     8  stm32f7xx_hal_adc.o(i.HAL_ADC_GetValue)
    HAL_ADC_Init                             0x080013b5   Thumb Code   100  stm32f7xx_hal_adc.o(i.HAL_ADC_Init)
    HAL_ADC_MspInit                          0x0800141d   Thumb Code     2  stm32f7xx_hal_adc.o(i.HAL_ADC_MspInit)
    HAL_ADC_PollForConversion                0x0800141f   Thumb Code   186  stm32f7xx_hal_adc.o(i.HAL_ADC_PollForConversion)
    HAL_ADC_Start                            0x080014d9   Thumb Code   238  stm32f7xx_hal_adc.o(i.HAL_ADC_Start)
    HAL_DMA_DeInit                           0x080015d9   Thumb Code   110  stm32f7xx_hal_dma.o(i.HAL_DMA_DeInit)
    HAL_DMA_Init                             0x08001649   Thumb Code   232  stm32f7xx_hal_dma.o(i.HAL_DMA_Init)
    HAL_Delay                                0x08001735   Thumb Code    36  stm32f7xx_hal.o(i.HAL_Delay)
    HAL_GPIO_Init                            0x0800175d   Thumb Code   484  stm32f7xx_hal_gpio.o(i.HAL_GPIO_Init)
    HAL_GPIO_ReadPin                         0x08001975   Thumb Code    16  stm32f7xx_hal_gpio.o(i.HAL_GPIO_ReadPin)
    HAL_GPIO_WritePin                        0x08001985   Thumb Code    12  stm32f7xx_hal_gpio.o(i.HAL_GPIO_WritePin)
    HAL_GetTick                              0x08001991   Thumb Code     6  main.o(i.HAL_GetTick)
    HAL_I2C_DeInit                           0x0800199d   Thumb Code    60  stm32f7xx_hal_i2c.o(i.HAL_I2C_DeInit)
    HAL_I2C_GetState                         0x080019d9   Thumb Code     8  stm32f7xx_hal_i2c.o(i.HAL_I2C_GetState)
    HAL_I2C_Init                             0x080019e1   Thumb Code   192  stm32f7xx_hal_i2c.o(i.HAL_I2C_Init)
    HAL_I2C_Mem_Read                         0x08001aa5   Thumb Code   434  stm32f7xx_hal_i2c.o(i.HAL_I2C_Mem_Read)
    HAL_I2C_Mem_Write                        0x08001c61   Thumb Code   436  stm32f7xx_hal_i2c.o(i.HAL_I2C_Mem_Write)
    HAL_I2C_MspDeInit                        0x08001e19   Thumb Code     2  stm32f7xx_hal_i2c.o(i.HAL_I2C_MspDeInit)
    HAL_I2C_MspInit                          0x08001e1b   Thumb Code     2  stm32f7xx_hal_i2c.o(i.HAL_I2C_MspInit)
    HAL_Init                                 0x08001e1d   Thumb Code    44  stm32f7xx_hal.o(i.HAL_Init)
    HAL_InitTick                             0x08001e4d   Thumb Code    64  stm32f7xx_hal.o(i.HAL_InitTick)
    HAL_LTDC_ConfigLayer                     0x08001e99   Thumb Code    94  stm32f7xx_hal_ltdc.o(i.HAL_LTDC_ConfigLayer)
    HAL_LTDC_Init                            0x08001ef9   Thumb Code   290  stm32f7xx_hal_ltdc.o(i.HAL_LTDC_Init)
    HAL_LTDC_MspInit                         0x08002021   Thumb Code     2  stm32f7xx_hal_ltdc.o(i.HAL_LTDC_MspInit)
    HAL_MspInit                              0x08002023   Thumb Code     2  stm32f7xx_hal.o(i.HAL_MspInit)
    HAL_NVIC_EnableIRQ                       0x08002025   Thumb Code    40  stm32f7xx_hal_cortex.o(i.HAL_NVIC_EnableIRQ)
    HAL_NVIC_SetPriority                     0x0800204d   Thumb Code   124  stm32f7xx_hal_cortex.o(i.HAL_NVIC_SetPriority)
    HAL_NVIC_SetPriorityGrouping             0x080020c9   Thumb Code    32  stm32f7xx_hal_cortex.o(i.HAL_NVIC_SetPriorityGrouping)
    HAL_RCCEx_PeriphCLKConfig                0x080020f1   Thumb Code  1756  stm32f7xx_hal_rcc_ex.o(i.HAL_RCCEx_PeriphCLKConfig)
    HAL_RCC_ClockConfig                      0x080027d1   Thumb Code   382  stm32f7xx_hal_rcc.o(i.HAL_RCC_ClockConfig)
    HAL_RCC_GetSysClockFreq                  0x08002961   Thumb Code   162  stm32f7xx_hal_rcc.o(i.HAL_RCC_GetSysClockFreq)
    HAL_RCC_OscConfig                        0x08002a11   Thumb Code  1200  stm32f7xx_hal_rcc.o(i.HAL_RCC_OscConfig)
    HAL_SDRAM_Init                           0x08002ec5   Thumb Code    64  stm32f7xx_hal_sdram.o(i.HAL_SDRAM_Init)
    HAL_SDRAM_MspInit                        0x08002f05   Thumb Code     2  stm32f7xx_hal_sdram.o(i.HAL_SDRAM_MspInit)
    HAL_SDRAM_ProgramRefreshRate             0x08002f07   Thumb Code    40  stm32f7xx_hal_sdram.o(i.HAL_SDRAM_ProgramRefreshRate)
    HAL_SDRAM_SendCommand                    0x08002f2f   Thumb Code    58  stm32f7xx_hal_sdram.o(i.HAL_SDRAM_SendCommand)
    HAL_SYSTICK_Config                       0x08002f69   Thumb Code    52  stm32f7xx_hal_cortex.o(i.HAL_SYSTICK_Config)
    SystemInit                               0x080036fd   Thumb Code    82  system_stm32f7xx.o(i.SystemInit)
    TS_IO_Delay                              0x08003761   Thumb Code    12  stm32746g_discovery.o(i.TS_IO_Delay)
    TS_IO_Init                               0x0800376d   Thumb Code    10  stm32746g_discovery.o(i.TS_IO_Init)
    TS_IO_Read                               0x0800377d   Thumb Code    36  stm32746g_discovery.o(i.TS_IO_Read)
    TS_IO_Write                              0x080037a5   Thumb Code    32  stm32746g_discovery.o(i.TS_IO_Write)
    Touch_GetState                           0x080037c9   Thumb Code    60  touch_746g_discovery.o(i.Touch_GetState)
    Touch_Initialize                         0x08003805   Thumb Code    28  touch_746g_discovery.o(i.Touch_Initialize)
    _init_box                                0x08003859   Thumb Code    70  rt_membox.o(i._init_box)
    _mutex_acquire                           0x080038a1   Thumb Code    22  rtx_conf_cm.o(i._mutex_acquire)
    _mutex_release                           0x080038c1   Thumb Code    18  rtx_conf_cm.o(i._mutex_release)
    backgroundColor                          0x080038dd   Thumb Code    20  glcd.o(i.backgroundColor)
    button_GPIO_Init                         0x080038f1   Thumb Code    50  button.o(i.button_GPIO_Init)
    buzzer_init                              0x08003931   Thumb Code    58  buzzer.o(i.buzzer_init)
    buzzer_off                               0x08003979   Thumb Code    16  buzzer.o(i.buzzer_off)
    buzzer_on                                0x0800398d   Thumb Code    14  buzzer.o(i.buzzer_on)
    dbg_init                                 0x080039a1   Thumb Code    34  hal_cm.o(i.dbg_init)
    dbg_task_notify                          0x080039d1   Thumb Code    32  hal_cm.o(i.dbg_task_notify)
    dbg_task_switch                          0x080039f1   Thumb Code    16  hal_cm.o(i.dbg_task_switch)
    ft5336_Init                              0x08003a25   Thumb Code    16  ft5336.o(i.ft5336_Init)
    ft5336_ReadID                            0x08003a35   Thumb Code    58  ft5336.o(i.ft5336_ReadID)
    ft5336_Reset                             0x08003a6f   Thumb Code     2  ft5336.o(i.ft5336_Reset)
    ft5336_TS_ClearIT                        0x08003a71   Thumb Code     2  ft5336.o(i.ft5336_TS_ClearIT)
    ft5336_TS_DetectTouch                    0x08003a79   Thumb Code    58  ft5336.o(i.ft5336_TS_DetectTouch)
    ft5336_TS_DisableIT                      0x08003ab9   Thumb Code    20  ft5336.o(i.ft5336_TS_DisableIT)
    ft5336_TS_EnableIT                       0x08003acd   Thumb Code    20  ft5336.o(i.ft5336_TS_EnableIT)
    ft5336_TS_GetGestureID                   0x08003ae1   Thumb Code    28  ft5336.o(i.ft5336_TS_GetGestureID)
    ft5336_TS_GetTouchInfo                   0x08003afd   Thumb Code   258  ft5336.o(i.ft5336_TS_GetTouchInfo)
    ft5336_TS_GetXY                          0x08003c05   Thumb Code   346  ft5336.o(i.ft5336_TS_GetXY)
    ft5336_TS_ITStatus                       0x08003d69   Thumb Code     6  ft5336.o(i.ft5336_TS_ITStatus)
    ft5336_TS_Start                          0x08003d6f   Thumb Code    22  ft5336.o(i.ft5336_TS_Start)
    homePage                                 0x08003d85   Thumb Code    68  glcd.o(i.homePage)
    isrMessageGet                            0x08003e01   Thumb Code    42  rt_cmsis.o(i.isrMessageGet)
    isrMessagePut                            0x08003e2b   Thumb Code    44  rt_cmsis.o(i.isrMessagePut)
    isr_mbx_receive                          0x08003e59   Thumb Code    86  rt_mailbox.o(i.isr_mbx_receive)
    isr_mbx_send                             0x08003eaf   Thumb Code    14  rt_mailbox.o(i.isr_mbx_send)
    led_GPIO_Init                            0x08003ebd   Thumb Code    52  led.o(i.led_GPIO_Init)
    led_off                                  0x08003efd   Thumb Code    14  led.o(i.led_off)
    led_on                                   0x08003f11   Thumb Code    14  led.o(i.led_on)
    main                                     0x08003f25   Thumb Code   402  main.o(i.main)
    osKernelInitialize                       0x08004121   Thumb Code    30  rt_cmsis.o(i.osKernelInitialize)
    osKernelStart                            0x08004145   Thumb Code    98  rt_cmsis.o(i.osKernelStart)
    osMessageGet                             0x080041b1   Thumb Code    18  rt_cmsis.o(i.osMessageGet)
    osThreadCreate                           0x080041c9   Thumb Code    36  rt_cmsis.o(i.osThreadCreate)
    osThreadExit                             0x080041f5   Thumb Code    14  rt_cmsis.o(i.osThreadExit)
    osTimerCall                              0x0800420d   Thumb Code     8  rt_cmsis.o(i.osTimerCall)
    osTimerThread                            0x08004219   Thumb Code    38  rt_cmsis.o(i.osTimerThread)
    os_error                                 0x08004245   Thumb Code    34  rtx_conf_cm.o(i.os_error)
    os_idle_demon                            0x08004267   Thumb Code     4  rtx_conf_cm.o(i.os_idle_demon)
    os_tick_init                             0x0800426d   Thumb Code    32  rt_system.o(i.os_tick_init)
    os_tick_irqack                           0x08004295   Thumb Code     2  rt_system.o(i.os_tick_irqack)
    readingPage                              0x08004299   Thumb Code    28  glcd.o(i.readingPage)
    relay_init                               0x080042b9   Thumb Code    56  relay.o(i.relay_init)
    relay_off                                0x080042fd   Thumb Code    14  relay.o(i.relay_off)
    relay_on                                 0x08004311   Thumb Code    14  relay.o(i.relay_on)
    rt_alloc_box                             0x08004325   Thumb Code    26  rt_membox.o(i.rt_alloc_box)
    rt_alloc_mem                             0x0800433f   Thumb Code    62  rt_memory.o(i.rt_alloc_mem)
    rt_block                                 0x0800437d   Thumb Code    48  rt_task.o(i.rt_block)
    rt_chk_robin                             0x080043b5   Thumb Code    60  rt_robin.o(i.rt_chk_robin)
    rt_dec_dly                               0x080043fd   Thumb Code   102  rt_list.o(i.rt_dec_dly)
    rt_dispatch                              0x0800446d   Thumb Code    60  rt_task.o(i.rt_dispatch)
    rt_evt_psh                               0x080044b1   Thumb Code    76  rt_event.o(i.rt_evt_psh)
    rt_free_box                              0x08004501   Thumb Code    44  rt_membox.o(i.rt_free_box)
    rt_free_mem                              0x0800452d   Thumb Code    40  rt_memory.o(i.rt_free_mem)
    rt_get_first                             0x08004555   Thumb Code    40  rt_list.o(i.rt_get_first)
    rt_init_mem                              0x080045cd   Thumb Code    26  rt_memory.o(i.rt_init_mem)
    rt_init_robin                            0x080045e9   Thumb Code    14  rt_robin.o(i.rt_init_robin)
    rt_init_stack                            0x08004601   Thumb Code   118  hal_cm.o(i.rt_init_stack)
    rt_mbx_check                             0x08004681   Thumb Code     8  rt_mailbox.o(i.rt_mbx_check)
    rt_mbx_init                              0x08004689   Thumb Code    26  rt_mailbox.o(i.rt_mbx_init)
    rt_mbx_psh                               0x080046a5   Thumb Code   236  rt_mailbox.o(i.rt_mbx_psh)
    rt_mbx_wait                              0x08004795   Thumb Code   174  rt_mailbox.o(i.rt_mbx_wait)
    rt_mut_release                           0x0800488d   Thumb Code   208  rt_mutex.o(i.rt_mut_release)
    rt_mut_wait                              0x08004965   Thumb Code   114  rt_mutex.o(i.rt_mut_wait)
    rt_pop_req                               0x080049dd   Thumb Code   112  rt_system.o(i.rt_pop_req)
    rt_psh_req                               0x08004a59   Thumb Code    22  rt_system.o(i.rt_psh_req)
    rt_psq_enq                               0x08004a79   Thumb Code    88  rt_list.o(i.rt_psq_enq)
    rt_put_dly                               0x08004ad5   Thumb Code    68  rt_list.o(i.rt_put_dly)
    rt_put_prio                              0x08004b1d   Thumb Code    54  rt_list.o(i.rt_put_prio)
    rt_put_rdy_first                         0x08004b55   Thumb Code    14  rt_list.o(i.rt_put_rdy_first)
    rt_resort_prio                           0x08004b69   Thumb Code    46  rt_list.o(i.rt_resort_prio)
    rt_ret_val                               0x08004bad   Thumb Code    12  hal_cm.o(i.rt_ret_val)
    rt_ret_val2                              0x08004bb9   Thumb Code    16  hal_cm.o(i.rt_ret_val2)
    rt_rmv_dly                               0x08004bc9   Thumb Code    40  rt_list.o(i.rt_rmv_dly)
    rt_rmv_list                              0x08004bf1   Thumb Code    44  rt_list.o(i.rt_rmv_list)
    rt_sem_psh                               0x08004c21   Thumb Code    48  rt_semaphore.o(i.rt_sem_psh)
    rt_stk_check                             0x08004c55   Thumb Code    28  rt_system.o(i.rt_stk_check)
    rt_switch_req                            0x08004c79   Thumb Code    30  rt_task.o(i.rt_switch_req)
    rt_sys_init                              0x08004ca1   Thumb Code   138  rt_task.o(i.rt_sys_init)
    rt_sys_start                             0x08004d6d   Thumb Code   110  rt_task.o(i.rt_sys_start)
    rt_systick                               0x08004de5   Thumb Code    50  rt_system.o(i.rt_systick)
    rt_tsk_create                            0x08004e6d   Thumb Code   118  rt_task.o(i.rt_tsk_create)
    rt_tsk_delete                            0x08004ef5   Thumb Code   352  rt_task.o(i.rt_tsk_delete)
    rt_tsk_prio                              0x08005071   Thumb Code   108  rt_task.o(i.rt_tsk_prio)
    rt_tsk_self                              0x080050ed   Thumb Code    12  rt_task.o(i.rt_tsk_self)
    svcKernelInitialize                      0x080050fd   Thumb Code    80  rt_cmsis.o(i.svcKernelInitialize)
    svcKernelStart                           0x0800516d   Thumb Code    62  rt_cmsis.o(i.svcKernelStart)
    svcMessageCreate                         0x080051b5   Thumb Code    36  rt_cmsis.o(i.svcMessageCreate)
    svcMessageGet                            0x080051d9   Thumb Code    58  rt_cmsis.o(i.svcMessageGet)
    svcThreadCreate                          0x08005215   Thumb Code    96  rt_cmsis.o(i.svcThreadCreate)
    svcThreadGetId                           0x08005281   Thumb Code    22  rt_cmsis.o(i.svcThreadGetId)
    svcThreadTerminate                       0x0800529d   Thumb Code    50  rt_cmsis.o(i.svcThreadTerminate)
    svcTimerCall                             0x080052d5   Thumb Code    24  rt_cmsis.o(i.svcTimerCall)
    sysTimerTick                             0x080052ed   Thumb Code    84  rt_cmsis.o(i.sysTimerTick)
    water_ADC_Init                           0x08005349   Thumb Code    44  watersensor.o(i.water_ADC_Init)
    water_Config                             0x0800537d   Thumb Code    12  watersensor.o(i.water_Config)
    water_GPIO_Init                          0x08005389   Thumb Code    52  watersensor.o(i.water_GPIO_Init)
    _fp_init                                 0x080053c9   Thumb Code    10  fpinit.o(x$fpl$fpinit)
    __fplib_config_fpu_vfp                   0x080053d1   Thumb Code     0  fpinit.o(x$fpl$fpinit)
    __fplib_config_pureend_doubles           0x080053d1   Thumb Code     0  fpinit.o(x$fpl$fpinit)
    GLCD_Font_6x8                            0x08006c54   Data          16  glcd_fonts.o(.constdata)
    GLCD_Font_16x24                          0x08006c64   Data          16  glcd_fonts.o(.constdata)
    os_maxtaskrun                            0x08006c74   Data           2  rtx_conf_cm.o(.constdata)
    os_stackinfo                             0x08006c78   Data           4  rtx_conf_cm.o(.constdata)
    os_rrobin                                0x08006c7c   Data           4  rtx_conf_cm.o(.constdata)
    os_tickfreq                              0x08006c80   Data           4  rtx_conf_cm.o(.constdata)
    os_tickus_i                              0x08006c84   Data           2  rtx_conf_cm.o(.constdata)
    os_tickus_f                              0x08006c86   Data           2  rtx_conf_cm.o(.constdata)
    os_trv                                   0x08006c88   Data           4  rtx_conf_cm.o(.constdata)
    os_flags                                 0x08006c8c   Data           1  rtx_conf_cm.o(.constdata)
    CMSIS_RTOS_API_Version                   0x08006c90   Data           4  rtx_conf_cm.o(.constdata)
    CMSIS_RTOS_RTX_Version                   0x08006c94   Data           4  rtx_conf_cm.o(.constdata)
    os_clockrate                             0x08006c98   Data           4  rtx_conf_cm.o(.constdata)
    os_timernum                              0x08006c9c   Data           4  rtx_conf_cm.o(.constdata)
    mp_tcb_size                              0x08006ca0   Data           2  rtx_conf_cm.o(.constdata)
    mp_stk_size                              0x08006ca4   Data           4  rtx_conf_cm.o(.constdata)
    os_stack_sz                              0x08006ca8   Data           4  rtx_conf_cm.o(.constdata)
    os_fifo_size                             0x08006cac   Data           1  rtx_conf_cm.o(.constdata)
    os_thread_def_osTimerThread              0x08006cb0   Data          16  rtx_conf_cm.o(.constdata)
    os_messageQ_def_osTimerMessageQ          0x08006cc0   Data           8  rtx_conf_cm.o(.constdata)
    mp_tmr_size                              0x08006cc8   Data           2  rtx_conf_cm.o(.constdata)
    os_thread_def_main                       0x08006ccc   Data          16  rtx_conf_cm.o(.constdata)
    AHBPrescTable                            0x08006ce4   Data          16  system_stm32f7xx.o(.constdata)
    APBPrescTable                            0x08006cf4   Data           8  system_stm32f7xx.o(.constdata)
    Region$$Table$$Base                      0x08006cfc   Number         0  anon$$obj.o(Region$$Table)
    Region$$Table$$Limit                     0x08006d1c   Number         0  anon$$obj.o(Region$$Table)
    ft5336_ts_drv                            0x20010000   Data          40  ft5336.o(.data)
    osThreadId_osTimerThread                 0x20010044   Data           4  rtx_conf_cm.o(.data)
    osMessageQId_osTimerMessageQ             0x20010048   Data           4  rtx_conf_cm.o(.data)
    os_tmr                                   0x2001004c   Data           4  rtx_conf_cm.o(.data)
    m_tmr                                    0x20010050   Data           4  rtx_conf_cm.o(.data)
    uwTick                                   0x20010058   Data           4  stm32f7xx_hal.o(.data)
    uwTickPrio                               0x2001005c   Data           4  stm32f7xx_hal.o(.data)
    uwTickFreq                               0x20010060   Data           1  stm32f7xx_hal.o(.data)
    SystemCoreClock                          0x20010064   Data           4  system_stm32f7xx.o(.data)
    os_initialized                           0x20010068   Data           1  rt_cmsis.o(.data)
    os_running                               0x20010069   Data           1  rt_cmsis.o(.data)
    os_timer_head                            0x2001006c   Data           4  rt_cmsis.o(.data)
    os_tsk                                   0x20010070   Data           8  rt_task.o(.data)
    os_time                                  0x20010078   Data           4  rt_time.o(.data)
    os_tick_irqn                             0x20010080   Data           4  rt_system.o(.data)
    os_robin                                 0x20010084   Data           8  rt_robin.o(.data)
    dbg_msg                                  0x2001008c   Data           1  hal_cm.o(.data)
    watersensor_gpio                         0x20010090   Data          20  watersensor.o(.bss)
    watersensorConfig                        0x200100a4   Data          16  watersensor.o(.bss)
    water_GPIO                               0x200100b4   Data          20  watersensor.o(.bss)
    relay_gpio                               0x200100c8   Data          20  relay.o(.bss)
    sound_gpio                               0x200100dc   Data          20  buzzer.o(.bss)
    hadc1                                    0x200100f0   Data          72  main.o(.bss)
    hadc2                                    0x20010138   Data          72  main.o(.bss)
    led_GPIO                                 0x20010180   Data          20  led.o(.bss)
    button_GPIO                              0x20010194   Data          20  button.o(.bss)
    sdramHandle                              0x20010240   Data          52  stm32746g_discovery_sdram.o(.bss)
    mp_tcb                                   0x20010430   Data         376  rtx_conf_cm.o(.bss)
    mp_stk                                   0x200105a8   Data        1216  rtx_conf_cm.o(.bss)
    os_stack_mem                             0x20010a68   Data         432  rtx_conf_cm.o(.bss)
    os_fifo                                  0x20010c18   Data         132  rtx_conf_cm.o(.bss)
    os_active_TCB                            0x20010c9c   Data          28  rtx_conf_cm.o(.bss)
    os_messageQ_q_osTimerMessageQ            0x20010cb8   Data          32  rtx_conf_cm.o(.bss)
    os_idle_TCB                              0x20010ff8   Data          52  rt_task.o(.bss)
    os_rdy                                   0x2001102c   Data          24  rt_list.o(.bss)
    os_dly                                   0x20011044   Data          24  rt_list.o(.bss)
    __libspace_start                         0x2001105c   Data          96  libspace.o(.bss)
    __temporary_stack_top$libspace           0x200110bc   Data           0  libspace.o(.bss)



==============================================================================

Memory Map of the image

  Image Entry point : 0x08000425

  Load Region LR_1 (Base: 0x08000000, Size: 0x00006dac, Max: 0xffffffff, ABSOLUTE)

    Execution Region ER_RO (Base: 0x08000000, Size: 0x00006d1c, Max: 0xffffffff, ABSOLUTE)

    Base Addr    Size         Type   Attr      Idx    E Section Name        Object

    0x08000000   0x000001c8   Data   RO         3633    RESET               startup_stm32f746xx.o
    0x080001c8   0x00000008   Code   RO         4908  * !!!main             c_w.l(__main.o)
    0x080001d0   0x00000034   Code   RO         5075    !!!scatter          c_w.l(__scatter.o)
    0x08000204   0x0000001a   Code   RO         5077    !!handler_copy      c_w.l(__scatter_copy.o)
    0x0800021e   0x00000002   PAD
    0x08000220   0x0000001c   Code   RO         5079    !!handler_zi        c_w.l(__scatter_zi.o)
    0x0800023c   0x00000002   Code   RO         4961    .ARM.Collect$$libinit$$00000000  c_w.l(libinit.o)
    0x0800023e   0x00000004   Code   RO         4972    .ARM.Collect$$libinit$$00000001  c_w.l(libinit2.o)
    0x08000242   0x00000000   Code   RO         4975    .ARM.Collect$$libinit$$00000004  c_w.l(libinit2.o)
    0x08000242   0x00000000   Code   RO         4978    .ARM.Collect$$libinit$$0000000A  c_w.l(libinit2.o)
    0x08000242   0x00000000   Code   RO         4980    .ARM.Collect$$libinit$$0000000C  c_w.l(libinit2.o)
    0x08000242   0x00000000   Code   RO         4982    .ARM.Collect$$libinit$$0000000E  c_w.l(libinit2.o)
    0x08000242   0x00000000   Code   RO         4985    .ARM.Collect$$libinit$$00000011  c_w.l(libinit2.o)
    0x08000242   0x00000000   Code   RO         4987    .ARM.Collect$$libinit$$00000013  c_w.l(libinit2.o)
    0x08000242   0x00000000   Code   RO         4989    .ARM.Collect$$libinit$$00000015  c_w.l(libinit2.o)
    0x08000242   0x00000000   Code   RO         4991    .ARM.Collect$$libinit$$00000017  c_w.l(libinit2.o)
    0x08000242   0x00000000   Code   RO         4993    .ARM.Collect$$libinit$$00000019  c_w.l(libinit2.o)
    0x08000242   0x00000000   Code   RO         4995    .ARM.Collect$$libinit$$0000001B  c_w.l(libinit2.o)
    0x08000242   0x00000000   Code   RO         4997    .ARM.Collect$$libinit$$0000001D  c_w.l(libinit2.o)
    0x08000242   0x00000000   Code   RO         4999    .ARM.Collect$$libinit$$0000001F  c_w.l(libinit2.o)
    0x08000242   0x00000000   Code   RO         5001    .ARM.Collect$$libinit$$00000021  c_w.l(libinit2.o)
    0x08000242   0x00000000   Code   RO         5003    .ARM.Collect$$libinit$$00000023  c_w.l(libinit2.o)
    0x08000242   0x00000000   Code   RO         5005    .ARM.Collect$$libinit$$00000025  c_w.l(libinit2.o)
    0x08000242   0x00000000   Code   RO         5009    .ARM.Collect$$libinit$$0000002C  c_w.l(libinit2.o)
    0x08000242   0x00000000   Code   RO         5011    .ARM.Collect$$libinit$$0000002E  c_w.l(libinit2.o)
    0x08000242   0x00000000   Code   RO         5013    .ARM.Collect$$libinit$$00000030  c_w.l(libinit2.o)
    0x08000242   0x00000000   Code   RO         5015    .ARM.Collect$$libinit$$00000032  c_w.l(libinit2.o)
    0x08000242   0x00000002   Code   RO         5016    .ARM.Collect$$libinit$$00000033  c_w.l(libinit2.o)
    0x08000244   0x00000002   Code   RO         4962    .ARM.Collect$$libshutdown$$00000000  c_w.l(libshutdown.o)
    0x08000246   0x00000000   Code   RO         5018    .ARM.Collect$$libshutdown$$00000002  c_w.l(libshutdown2.o)
    0x08000246   0x00000000   Code   RO         5020    .ARM.Collect$$libshutdown$$00000004  c_w.l(libshutdown2.o)
    0x08000246   0x00000000   Code   RO         5023    .ARM.Collect$$libshutdown$$00000007  c_w.l(libshutdown2.o)
    0x08000246   0x00000000   Code   RO         5026    .ARM.Collect$$libshutdown$$0000000A  c_w.l(libshutdown2.o)
    0x08000246   0x00000000   Code   RO         5028    .ARM.Collect$$libshutdown$$0000000C  c_w.l(libshutdown2.o)
    0x08000246   0x00000000   Code   RO         5031    .ARM.Collect$$libshutdown$$0000000F  c_w.l(libshutdown2.o)
    0x08000246   0x00000002   Code   RO         5032    .ARM.Collect$$libshutdown$$00000010  c_w.l(libshutdown2.o)
    0x08000248   0x00000000   Code   RO         4910    .ARM.Collect$$rtentry$$00000000  c_w.l(__rtentry.o)
    0x08000248   0x00000000   Code   RO         4922    .ARM.Collect$$rtentry$$00000002  c_w.l(__rtentry2.o)
    0x08000248   0x00000006   Code   RO         4934    .ARM.Collect$$rtentry$$00000004  c_w.l(__rtentry4.o)
    0x0800024e   0x00000000   Code   RO         4924    .ARM.Collect$$rtentry$$00000009  c_w.l(__rtentry2.o)
    0x0800024e   0x00000004   Code   RO         4925    .ARM.Collect$$rtentry$$0000000A  c_w.l(__rtentry2.o)
    0x08000252   0x00000008   Code   RO         4926    .ARM.Collect$$rtentry$$0000000B  c_w.l(__rtentry2.o)
    0x0800025a   0x00000008   Code   RO         4928    .ARM.Collect$$rtentry$$0000000D  c_w.l(__rtentry2.o)
    0x08000262   0x00000002   Code   RO         4911    .ARM.Collect$$rtexit$$00000000  c_w.l(rtexit.o)
    0x08000264   0x00000000   Code   RO         4937    .ARM.Collect$$rtexit$$00000002  c_w.l(rtexit2.o)
    0x08000264   0x00000004   Code   RO         4938    .ARM.Collect$$rtexit$$00000003  c_w.l(rtexit2.o)
    0x08000268   0x00000006   Code   RO         4939    .ARM.Collect$$rtexit$$00000004  c_w.l(rtexit2.o)
    0x0800026e   0x00000002   PAD
    0x08000270   0x0000001c   Code   RO         1041    .emb_text           rtx_conf_cm.o
    0x0800028c   0x00000198   Code   RO         4878    .emb_text           RTX_CM4.lib(hal_cm4.o)
    0x08000424   0x00000040   Code   RO         3634  * .text               startup_stm32f746xx.o
    0x08000464   0x00000008   Code   RO         4893    .text               c_w.l(libspace.o)
    0x0800046c   0x000000ee   Code   RO         4896    .text               c_w.l(lludivv7m.o)
    0x0800055a   0x00000002   PAD
    0x0800055c   0x00000028   Code   RO         4900    .text               c_w.l(noretval__2sprintf.o)
    0x08000584   0x00000012   Code   RO         4902    .text               c_w.l(exit.o)
    0x08000596   0x00000064   Code   RO         4904    .text               c_w.l(rt_memcpy_w.o)
    0x080005fa   0x00000006   Code   RO         4906    .text               c_w.l(heapauxi.o)
    0x08000600   0x00000030   Code   RO         4917    .text               c_w.l(_printf_char_common.o)
    0x08000630   0x0000000a   Code   RO         4919    .text               c_w.l(_sputc.o)
    0x0800063a   0x00000028   Code   RO         4945    .text               c_w.l(__printf_nopercent.o)
    0x08000662   0x00000002   PAD
    0x08000664   0x0000000c   Code   RO         4947    .text               c_w.l(sys_exit.o)
    0x08000670   0x0000004a   Code   RO         4949    .text               c_w.l(sys_stackheap_outer.o)
    0x080006ba   0x00000002   Code   RO         4963    .text               c_w.l(use_no_semi.o)
    0x080006bc   0x00000000   Code   RO         4965    .text               c_w.l(indicate_semi.o)
    0x080006bc   0x00000004   Code   RO         4888    SVC_TABLE           RTX_CM4.lib(svc_table.o)
    0x080006c0   0x0000016c   Code   RO         1303    i.ADC_Init          stm32f7xx_hal_adc.o
    0x0800082c   0x0000008c   Code   RO          711    i.BSP_SDRAM_Init    stm32746g_discovery_sdram.o
    0x080008b8   0x00000098   Code   RO          712    i.BSP_SDRAM_Initialization_sequence  stm32746g_discovery_sdram.o
    0x08000950   0x000001c8   Code   RO          714    i.BSP_SDRAM_MspInit  stm32746g_discovery_sdram.o
    0x08000b18   0x0000022c   Code   RO          796    i.BSP_TS_GetState   stm32746g_discovery_ts.o
    0x08000d44   0x00000070   Code   RO          797    i.BSP_TS_Get_GestureId  stm32746g_discovery_ts.o
    0x08000db4   0x00000064   Code   RO          801    i.BSP_TS_Init       stm32746g_discovery_ts.o
    0x08000e18   0x00000034   Code   RO         1715    i.DMA_CalcBaseAndBitshift  stm32f7xx_hal_dma.o
    0x08000e4c   0x000000aa   Code   RO         1716    i.DMA_CheckFifoParam  stm32f7xx_hal_dma.o
    0x08000ef6   0x00000074   Code   RO         3499    i.FMC_SDRAM_Init    stm32f7xx_ll_fmc.o
    0x08000f6a   0x0000000e   Code   RO         3500    i.FMC_SDRAM_ProgramRefreshRate  stm32f7xx_ll_fmc.o
    0x08000f78   0x00000026   Code   RO         3501    i.FMC_SDRAM_SendCommand  stm32f7xx_ll_fmc.o
    0x08000f9e   0x00000002   PAD
    0x08000fa0   0x0000009c   Code   RO         3503    i.FMC_SDRAM_Timing_Init  stm32f7xx_ll_fmc.o
    0x0800103c   0x00000024   Code   RO          875    i.GLCD_ClearScreen  glcd_746g_discovery.o
    0x08001060   0x000000d8   Code   RO          878    i.GLCD_DrawChar     glcd_746g_discovery.o
    0x08001138   0x0000002c   Code   RO          882    i.GLCD_DrawString   glcd_746g_discovery.o
    0x08001164   0x00000218   Code   RO          886    i.GLCD_Initialize   glcd_746g_discovery.o
    0x0800137c   0x00000010   Code   RO          887    i.GLCD_SetBackgroundColor  glcd_746g_discovery.o
    0x0800138c   0x00000010   Code   RO          888    i.GLCD_SetFont      glcd_746g_discovery.o
    0x0800139c   0x00000010   Code   RO          889    i.GLCD_SetForegroundColor  glcd_746g_discovery.o
    0x080013ac   0x00000008   Code   RO         1312    i.HAL_ADC_GetValue  stm32f7xx_hal_adc.o
    0x080013b4   0x00000068   Code   RO         1314    i.HAL_ADC_Init      stm32f7xx_hal_adc.o
    0x0800141c   0x00000002   Code   RO         1317    i.HAL_ADC_MspInit   stm32f7xx_hal_adc.o
    0x0800141e   0x000000ba   Code   RO         1318    i.HAL_ADC_PollForConversion  stm32f7xx_hal_adc.o
    0x080014d8   0x00000100   Code   RO         1320    i.HAL_ADC_Start     stm32f7xx_hal_adc.o
    0x080015d8   0x0000006e   Code   RO         1720    i.HAL_DMA_DeInit    stm32f7xx_hal_dma.o
    0x08001646   0x00000002   PAD
    0x08001648   0x000000ec   Code   RO         1724    i.HAL_DMA_Init      stm32f7xx_hal_dma.o
    0x08001734   0x00000028   Code   RO         1112    i.HAL_Delay         stm32f7xx_hal.o
    0x0800175c   0x00000218   Code   RO         1865    i.HAL_GPIO_Init     stm32f7xx_hal_gpio.o
    0x08001974   0x00000010   Code   RO         1867    i.HAL_GPIO_ReadPin  stm32f7xx_hal_gpio.o
    0x08001984   0x0000000c   Code   RO         1869    i.HAL_GPIO_WritePin  stm32f7xx_hal_gpio.o
    0x08001990   0x0000000c   Code   RO          281    i.HAL_GetTick       main.o
    0x0800199c   0x0000003c   Code   RO         1930    i.HAL_I2C_DeInit    stm32f7xx_hal_i2c.o
    0x080019d8   0x00000008   Code   RO         1938    i.HAL_I2C_GetState  stm32f7xx_hal_i2c.o
    0x080019e0   0x000000c4   Code   RO         1939    i.HAL_I2C_Init      stm32f7xx_hal_i2c.o
    0x08001aa4   0x000001bc   Code   RO         1955    i.HAL_I2C_Mem_Read  stm32f7xx_hal_i2c.o
    0x08001c60   0x000001b8   Code   RO         1958    i.HAL_I2C_Mem_Write  stm32f7xx_hal_i2c.o
    0x08001e18   0x00000002   Code   RO         1961    i.HAL_I2C_MspDeInit  stm32f7xx_hal_i2c.o
    0x08001e1a   0x00000002   Code   RO         1962    i.HAL_I2C_MspInit   stm32f7xx_hal_i2c.o
    0x08001e1c   0x00000030   Code   RO         1127    i.HAL_Init          stm32f7xx_hal.o
    0x08001e4c   0x0000004c   Code   RO         1128    i.HAL_InitTick      stm32f7xx_hal.o
    0x08001e98   0x0000005e   Code   RO         2389    i.HAL_LTDC_ConfigLayer  stm32f7xx_hal_ltdc.o
    0x08001ef6   0x00000002   PAD
    0x08001ef8   0x00000128   Code   RO         2406    i.HAL_LTDC_Init     stm32f7xx_hal_ltdc.o
    0x08002020   0x00000002   Code   RO         2409    i.HAL_LTDC_MspInit  stm32f7xx_hal_ltdc.o
    0x08002022   0x00000002   Code   RO         1130    i.HAL_MspInit       stm32f7xx_hal.o
    0x08002024   0x00000028   Code   RO         1580    i.HAL_NVIC_EnableIRQ  stm32f7xx_hal_cortex.o
    0x0800204c   0x0000007c   Code   RO         1586    i.HAL_NVIC_SetPriority  stm32f7xx_hal_cortex.o
    0x080020c8   0x00000028   Code   RO         1587    i.HAL_NVIC_SetPriorityGrouping  stm32f7xx_hal_cortex.o
    0x080020f0   0x000006e0   Code   RO         2985    i.HAL_RCCEx_PeriphCLKConfig  stm32f7xx_hal_rcc_ex.o
    0x080027d0   0x00000190   Code   RO         2878    i.HAL_RCC_ClockConfig  stm32f7xx_hal_rcc.o
    0x08002960   0x000000b0   Code   RO         2887    i.HAL_RCC_GetSysClockFreq  stm32f7xx_hal_rcc.o
    0x08002a10   0x000004b4   Code   RO         2890    i.HAL_RCC_OscConfig  stm32f7xx_hal_rcc.o
    0x08002ec4   0x00000040   Code   RO         3045    i.HAL_SDRAM_Init    stm32f7xx_hal_sdram.o
    0x08002f04   0x00000002   Code   RO         3047    i.HAL_SDRAM_MspInit  stm32f7xx_hal_sdram.o
    0x08002f06   0x00000028   Code   RO         3048    i.HAL_SDRAM_ProgramRefreshRate  stm32f7xx_hal_sdram.o
    0x08002f2e   0x0000003a   Code   RO         3054    i.HAL_SDRAM_SendCommand  stm32f7xx_hal_sdram.o
    0x08002f68   0x00000034   Code   RO         1591    i.HAL_SYSTICK_Config  stm32f7xx_hal_cortex.o
    0x08002f9c   0x00000028   Code   RO         1981    i.I2C_Flush_TXDR    stm32f7xx_hal_i2c.o
    0x08002fc4   0x0000008c   Code   RO         1989    i.I2C_IsAcknowledgeFailed  stm32f7xx_hal_i2c.o
    0x08003050   0x00000090   Code   RO         1992    i.I2C_RequestMemoryRead  stm32f7xx_hal_i2c.o
    0x080030e0   0x00000090   Code   RO         1993    i.I2C_RequestMemoryWrite  stm32f7xx_hal_i2c.o
    0x08003170   0x00000034   Code   RO         1996    i.I2C_TransferConfig  stm32f7xx_hal_i2c.o
    0x080031a4   0x00000056   Code   RO         1997    i.I2C_WaitOnFlagUntilTimeout  stm32f7xx_hal_i2c.o
    0x080031fa   0x00000056   Code   RO         1999    i.I2C_WaitOnSTOPFlagUntilTimeout  stm32f7xx_hal_i2c.o
    0x08003250   0x0000005a   Code   RO         2000    i.I2C_WaitOnTXISFlagUntilTimeout  stm32f7xx_hal_i2c.o
    0x080032aa   0x00000014   Code   RO          510    i.I2Cx_Error        stm32746g_discovery.o
    0x080032be   0x00000002   PAD
    0x080032c0   0x00000050   Code   RO          511    i.I2Cx_Init         stm32746g_discovery.o
    0x08003310   0x00000164   Code   RO          513    i.I2Cx_MspInit      stm32746g_discovery.o
    0x08003474   0x0000003a   Code   RO          514    i.I2Cx_ReadMultiple  stm32746g_discovery.o
    0x080034ae   0x0000003a   Code   RO          515    i.I2Cx_WriteMultiple  stm32746g_discovery.o
    0x080034e8   0x00000212   Code   RO         2425    i.LTDC_SetConfig    stm32f7xx_hal_ltdc.o
    0x080036fa   0x00000002   PAD
    0x080036fc   0x00000064   Code   RO         3642    i.SystemInit        system_stm32f7xx.o
    0x08003760   0x0000000c   Code   RO          516    i.TS_IO_Delay       stm32746g_discovery.o
    0x0800376c   0x00000010   Code   RO          517    i.TS_IO_Init        stm32746g_discovery.o
    0x0800377c   0x00000028   Code   RO          518    i.TS_IO_Read        stm32746g_discovery.o
    0x080037a4   0x00000024   Code   RO          519    i.TS_IO_Write       stm32746g_discovery.o
    0x080037c8   0x0000003c   Code   RO         1008    i.Touch_GetState    touch_746g_discovery.o
    0x08003804   0x0000001c   Code   RO         1009    i.Touch_Initialize  touch_746g_discovery.o
    0x08003820   0x00000010   Code   RO         1593    i.__NVIC_GetPriorityGrouping  stm32f7xx_hal_cortex.o
    0x08003830   0x00000028   Code   RO         1594    i.__NVIC_SetPriority  stm32f7xx_hal_cortex.o
    0x08003858   0x00000046   Code   RO         4772    i._init_box         RTX_CM4.lib(rt_membox.o)
    0x0800389e   0x00000002   PAD
    0x080038a0   0x00000020   Code   RO         1043    i._mutex_acquire    rtx_conf_cm.o
    0x080038c0   0x0000001c   Code   RO         1045    i._mutex_release    rtx_conf_cm.o
    0x080038dc   0x00000014   Code   RO          232    i.backgroundColor   glcd.o
    0x080038f0   0x00000040   Code   RO          357    i.button_GPIO_Init  button.o
    0x08003930   0x00000048   Code   RO          193    i.buzzer_init       buzzer.o
    0x08003978   0x00000014   Code   RO          194    i.buzzer_off        buzzer.o
    0x0800398c   0x00000014   Code   RO          195    i.buzzer_on         buzzer.o
    0x080039a0   0x00000030   Code   RO         4825    i.dbg_init          RTX_CM4.lib(hal_cm.o)
    0x080039d0   0x00000020   Code   RO         4826    i.dbg_task_notify   RTX_CM4.lib(hal_cm.o)
    0x080039f0   0x00000010   Code   RO         4827    i.dbg_task_switch   RTX_CM4.lib(hal_cm.o)
    0x08003a00   0x0000000c   Code   RO          381    i.ft5336_Get_I2C_InitializedStatus  ft5336.o
    0x08003a0c   0x00000018   Code   RO          382    i.ft5336_I2C_InitializeIfRequired  ft5336.o
    0x08003a24   0x00000010   Code   RO          383    i.ft5336_Init       ft5336.o
    0x08003a34   0x0000003a   Code   RO          384    i.ft5336_ReadID     ft5336.o
    0x08003a6e   0x00000002   Code   RO          385    i.ft5336_Reset      ft5336.o
    0x08003a70   0x00000002   Code   RO          386    i.ft5336_TS_ClearIT  ft5336.o
    0x08003a72   0x00000006   Code   RO          387    i.ft5336_TS_Configure  ft5336.o
    0x08003a78   0x00000040   Code   RO          388    i.ft5336_TS_DetectTouch  ft5336.o
    0x08003ab8   0x00000014   Code   RO          389    i.ft5336_TS_DisableIT  ft5336.o
    0x08003acc   0x00000014   Code   RO          390    i.ft5336_TS_EnableIT  ft5336.o
    0x08003ae0   0x0000001c   Code   RO          391    i.ft5336_TS_GetGestureID  ft5336.o
    0x08003afc   0x00000108   Code   RO          392    i.ft5336_TS_GetTouchInfo  ft5336.o
    0x08003c04   0x00000164   Code   RO          393    i.ft5336_TS_GetXY   ft5336.o
    0x08003d68   0x00000006   Code   RO          394    i.ft5336_TS_ITStatus  ft5336.o
    0x08003d6e   0x00000016   Code   RO          395    i.ft5336_TS_Start   ft5336.o
    0x08003d84   0x0000007c   Code   RO          233    i.homePage          glcd.o
    0x08003e00   0x0000002a   Code   RO         3678    i.isrMessageGet     RTX_CM4.lib(rt_cmsis.o)
    0x08003e2a   0x0000002c   Code   RO         3679    i.isrMessagePut     RTX_CM4.lib(rt_cmsis.o)
    0x08003e56   0x00000002   PAD
    0x08003e58   0x00000056   Code   RO         4660    i.isr_mbx_receive   RTX_CM4.lib(rt_mailbox.o)
    0x08003eae   0x0000000e   Code   RO         4661    i.isr_mbx_send      RTX_CM4.lib(rt_mailbox.o)
    0x08003ebc   0x00000040   Code   RO          318    i.led_GPIO_Init     led.o
    0x08003efc   0x00000014   Code   RO          319    i.led_off           led.o
    0x08003f10   0x00000014   Code   RO          320    i.led_on            led.o
    0x08003f24   0x000001fc   Code   RO          282    i.main              main.o
    0x08004120   0x00000024   Code   RO         3683    i.osKernelInitialize  RTX_CM4.lib(rt_cmsis.o)
    0x08004144   0x0000006c   Code   RO         3685    i.osKernelStart     RTX_CM4.lib(rt_cmsis.o)
    0x080041b0   0x00000018   Code   RO         3694    i.osMessageGet      RTX_CM4.lib(rt_cmsis.o)
    0x080041c8   0x0000002c   Code   RO         3711    i.osThreadCreate    RTX_CM4.lib(rt_cmsis.o)
    0x080041f4   0x00000018   Code   RO         3712    i.osThreadExit      RTX_CM4.lib(rt_cmsis.o)
    0x0800420c   0x0000000c   Code   RO         3718    i.osTimerCall       RTX_CM4.lib(rt_cmsis.o)
    0x08004218   0x0000002c   Code   RO         3723    i.osTimerThread     RTX_CM4.lib(rt_cmsis.o)
    0x08004244   0x00000022   Code   RO         1046    i.os_error          rtx_conf_cm.o
    0x08004266   0x00000004   Code   RO         1047    i.os_idle_demon     rtx_conf_cm.o
    0x0800426a   0x00000002   PAD
    0x0800426c   0x00000028   Code   RO         4452    i.os_tick_init      RTX_CM4.lib(rt_system.o)
    0x08004294   0x00000002   Code   RO         4453    i.os_tick_irqack    RTX_CM4.lib(rt_system.o)
    0x08004296   0x00000002   PAD
    0x08004298   0x00000020   Code   RO          234    i.readingPage       glcd.o
    0x080042b8   0x00000044   Code   RO          154    i.relay_init        relay.o
    0x080042fc   0x00000014   Code   RO          155    i.relay_off         relay.o
    0x08004310   0x00000014   Code   RO          156    i.relay_on          relay.o
    0x08004324   0x0000001a   Code   RO         4773    i.rt_alloc_box      RTX_CM4.lib(rt_membox.o)
    0x0800433e   0x0000003e   Code   RO         4801    i.rt_alloc_mem      RTX_CM4.lib(rt_memory.o)
    0x0800437c   0x00000038   Code   RO         4300    i.rt_block          RTX_CM4.lib(rt_task.o)
    0x080043b4   0x00000048   Code   RO         4750    i.rt_chk_robin      RTX_CM4.lib(rt_robin.o)
    0x080043fc   0x00000070   Code   RO         4584    i.rt_dec_dly        RTX_CM4.lib(rt_list.o)
    0x0800446c   0x00000044   Code   RO         4301    i.rt_dispatch       RTX_CM4.lib(rt_task.o)
    0x080044b0   0x00000050   Code   RO         4545    i.rt_evt_psh        RTX_CM4.lib(rt_event.o)
    0x08004500   0x0000002c   Code   RO         4774    i.rt_free_box       RTX_CM4.lib(rt_membox.o)
    0x0800452c   0x00000028   Code   RO         4802    i.rt_free_mem       RTX_CM4.lib(rt_memory.o)
    0x08004554   0x00000028   Code   RO         4585    i.rt_get_first      RTX_CM4.lib(rt_list.o)
    0x0800457c   0x00000008   Code   RO         3728    i.rt_id2obj         RTX_CM4.lib(rt_cmsis.o)
    0x08004584   0x00000048   Code   RO         4302    i.rt_init_context   RTX_CM4.lib(rt_task.o)
    0x080045cc   0x0000001a   Code   RO         4803    i.rt_init_mem       RTX_CM4.lib(rt_memory.o)
    0x080045e6   0x00000002   PAD
    0x080045e8   0x00000018   Code   RO         4751    i.rt_init_robin     RTX_CM4.lib(rt_robin.o)
    0x08004600   0x00000080   Code   RO         4828    i.rt_init_stack     RTX_CM4.lib(hal_cm.o)
    0x08004680   0x00000008   Code   RO         4662    i.rt_mbx_check      RTX_CM4.lib(rt_mailbox.o)
    0x08004688   0x0000001a   Code   RO         4663    i.rt_mbx_init       RTX_CM4.lib(rt_mailbox.o)
    0x080046a2   0x00000002   PAD
    0x080046a4   0x000000f0   Code   RO         4664    i.rt_mbx_psh        RTX_CM4.lib(rt_mailbox.o)
    0x08004794   0x000000b4   Code   RO         4666    i.rt_mbx_wait       RTX_CM4.lib(rt_mailbox.o)
    0x08004848   0x00000044   Code   RO         3729    i.rt_ms2tick        RTX_CM4.lib(rt_cmsis.o)
    0x0800488c   0x000000d8   Code   RO         4419    i.rt_mut_release    RTX_CM4.lib(rt_mutex.o)
    0x08004964   0x00000078   Code   RO         4420    i.rt_mut_wait       RTX_CM4.lib(rt_mutex.o)
    0x080049dc   0x0000007c   Code   RO         4456    i.rt_pop_req        RTX_CM4.lib(rt_system.o)
    0x08004a58   0x00000020   Code   RO         4457    i.rt_psh_req        RTX_CM4.lib(rt_system.o)
    0x08004a78   0x0000005c   Code   RO         4587    i.rt_psq_enq        RTX_CM4.lib(rt_list.o)
    0x08004ad4   0x00000048   Code   RO         4588    i.rt_put_dly        RTX_CM4.lib(rt_list.o)
    0x08004b1c   0x00000036   Code   RO         4589    i.rt_put_prio       RTX_CM4.lib(rt_list.o)
    0x08004b52   0x00000002   PAD
    0x08004b54   0x00000014   Code   RO         4590    i.rt_put_rdy_first  RTX_CM4.lib(rt_list.o)
    0x08004b68   0x00000034   Code   RO         4591    i.rt_resort_prio    RTX_CM4.lib(rt_list.o)
    0x08004b9c   0x00000010   Code   RO         4829    i.rt_ret_regs       RTX_CM4.lib(hal_cm.o)
    0x08004bac   0x0000000c   Code   RO         4830    i.rt_ret_val        RTX_CM4.lib(hal_cm.o)
    0x08004bb8   0x00000010   Code   RO         4831    i.rt_ret_val2       RTX_CM4.lib(hal_cm.o)
    0x08004bc8   0x00000028   Code   RO         4592    i.rt_rmv_dly        RTX_CM4.lib(rt_list.o)
    0x08004bf0   0x00000030   Code   RO         4593    i.rt_rmv_list       RTX_CM4.lib(rt_list.o)
    0x08004c20   0x00000034   Code   RO         4711    i.rt_sem_psh        RTX_CM4.lib(rt_semaphore.o)
    0x08004c54   0x00000024   Code   RO         4459    i.rt_stk_check      RTX_CM4.lib(rt_system.o)
    0x08004c78   0x00000028   Code   RO         4303    i.rt_switch_req     RTX_CM4.lib(rt_task.o)
    0x08004ca0   0x000000cc   Code   RO         4304    i.rt_sys_init       RTX_CM4.lib(rt_task.o)
    0x08004d6c   0x00000078   Code   RO         4305    i.rt_sys_start      RTX_CM4.lib(rt_task.o)
    0x08004de4   0x00000040   Code   RO         4461    i.rt_systick        RTX_CM4.lib(rt_system.o)
    0x08004e24   0x00000012   Code   RO         3730    i.rt_tid2ptcb       RTX_CM4.lib(rt_cmsis.o)
    0x08004e36   0x00000002   PAD
    0x08004e38   0x00000034   Code   RO         3731    i.rt_timer_insert   RTX_CM4.lib(rt_cmsis.o)
    0x08004e6c   0x00000088   Code   RO         4306    i.rt_tsk_create     RTX_CM4.lib(rt_task.o)
    0x08004ef4   0x0000017c   Code   RO         4307    i.rt_tsk_delete     RTX_CM4.lib(rt_task.o)
    0x08005070   0x0000007c   Code   RO         4309    i.rt_tsk_prio       RTX_CM4.lib(rt_task.o)
    0x080050ec   0x00000010   Code   RO         4310    i.rt_tsk_self       RTX_CM4.lib(rt_task.o)
    0x080050fc   0x00000070   Code   RO         3734    i.svcKernelInitialize  RTX_CM4.lib(rt_cmsis.o)
    0x0800516c   0x00000048   Code   RO         3736    i.svcKernelStart    RTX_CM4.lib(rt_cmsis.o)
    0x080051b4   0x00000024   Code   RO         3739    i.svcMessageCreate  RTX_CM4.lib(rt_cmsis.o)
    0x080051d8   0x0000003a   Code   RO         3740    i.svcMessageGet     RTX_CM4.lib(rt_cmsis.o)
    0x08005212   0x00000002   PAD
    0x08005214   0x0000006c   Code   RO         3754    i.svcThreadCreate   RTX_CM4.lib(rt_cmsis.o)
    0x08005280   0x0000001c   Code   RO         3755    i.svcThreadGetId    RTX_CM4.lib(rt_cmsis.o)
    0x0800529c   0x00000038   Code   RO         3758    i.svcThreadTerminate  RTX_CM4.lib(rt_cmsis.o)
    0x080052d4   0x00000018   Code   RO         3760    i.svcTimerCall      RTX_CM4.lib(rt_cmsis.o)
    0x080052ec   0x0000005c   Code   RO         3769    i.sysTimerTick      RTX_CM4.lib(rt_cmsis.o)
    0x08005348   0x00000034   Code   RO            4    i.water_ADC_Init    watersensor.o
    0x0800537c   0x0000000c   Code   RO            5    i.water_Config      watersensor.o
    0x08005388   0x00000040   Code   RO            6    i.water_GPIO_Init   watersensor.o
    0x080053c8   0x0000000a   Code   RO         5039    x$fpl$fpinit        fz_wm.l(fpinit.o)
    0x080053d2   0x00000002   PAD
    0x080053d4   0x000018a0   Data   RO          996    .constdata          glcd_fonts.o
    0x08006c74   0x00000068   Data   RO         1049    .constdata          rtx_conf_cm.o
    0x08006cdc   0x00000008   Data   RO         1730    .constdata          stm32f7xx_hal_dma.o
    0x08006ce4   0x00000018   Data   RO         3643    .constdata          system_stm32f7xx.o
    0x08006cfc   0x00000020   Data   RO         5073    Region$$Table       anon$$obj.o


    Execution Region ER_RW (Base: 0x20010000, Size: 0x00000090, Max: 0xffffffff, ABSOLUTE)

    Base Addr    Size         Type   Attr      Idx    E Section Name        Object

    0x20010000   0x0000002e   Data   RW          396    .data               ft5336.o
    0x2001002e   0x00000002   Data   RW          721    .data               stm32746g_discovery_sdram.o
    0x20010030   0x0000000a   Data   RW          804    .data               stm32746g_discovery_ts.o
    0x2001003a   0x00000002   PAD
    0x2001003c   0x00000008   Data   RW          894    .data               glcd_746g_discovery.o
    0x20010044   0x00000014   Data   RW         1050    .data               rtx_conf_cm.o
    0x20010058   0x00000009   Data   RW         1134    .data               stm32f7xx_hal.o
    0x20010061   0x00000003   PAD
    0x20010064   0x00000004   Data   RW         3644    .data               system_stm32f7xx.o
    0x20010068   0x00000008   Data   RW         3772    .data               RTX_CM4.lib(rt_cmsis.o)
    0x20010070   0x00000008   Data   RW         4312    .data               RTX_CM4.lib(rt_task.o)
    0x20010078   0x00000004   Data   RW         4388    .data               RTX_CM4.lib(rt_time.o)
    0x2001007c   0x00000008   Data   RW         4464    .data               RTX_CM4.lib(rt_system.o)
    0x20010084   0x00000008   Data   RW         4752    .data               RTX_CM4.lib(rt_robin.o)
    0x2001008c   0x00000001   Data   RW         4832    .data               RTX_CM4.lib(hal_cm.o)


    Execution Region ER_ZI (Base: 0x20010090, Size: 0x00001630, Max: 0xffffffff, ABSOLUTE)

    Base Addr    Size         Type   Attr      Idx    E Section Name        Object

    0x20010090   0x00000038   Zero   RW            7    .bss                watersensor.o
    0x200100c8   0x00000014   Zero   RW          157    .bss                relay.o
    0x200100dc   0x00000014   Zero   RW          196    .bss                buzzer.o
    0x200100f0   0x00000090   Zero   RW          283    .bss                main.o
    0x20010180   0x00000014   Zero   RW          321    .bss                led.o
    0x20010194   0x00000014   Zero   RW          358    .bss                button.o
    0x200101a8   0x00000098   Zero   RW          520    .bss                stm32746g_discovery.o
    0x20010240   0x00000120   Zero   RW          720    .bss                stm32746g_discovery_sdram.o
    0x20010360   0x00000028   Zero   RW          803    .bss                stm32746g_discovery_ts.o
    0x20010388   0x000000a8   Zero   RW          893    .bss                glcd_746g_discovery.o
    0x20010430   0x00000bc8   Zero   RW         1048    .bss                rtx_conf_cm.o
    0x20010ff8   0x00000034   Zero   RW         4311    .bss                RTX_CM4.lib(rt_task.o)
    0x2001102c   0x00000030   Zero   RW         4594    .bss                RTX_CM4.lib(rt_list.o)
    0x2001105c   0x00000060   Zero   RW         4894    .bss                c_w.l(libspace.o)
    0x200110bc   0x00000004   PAD
    0x200110c0   0x00000200   Zero   RW         3632    HEAP                startup_stm32f746xx.o
    0x200112c0   0x00000400   Zero   RW         3631    STACK               startup_stm32f746xx.o



  Load Region LR$$.ARM.__AT_0xC0000000 (Base: 0xc0000000, Size: 0x00000000, Max: 0x0003fc00, ABSOLUTE)

    Execution Region ER$$.ARM.__AT_0xC0000000 (Base: 0xc0000000, Size: 0x0003fc00, Max: 0x0003fc00, ABSOLUTE, UNINIT)

    Base Addr    Size         Type   Attr      Idx    E Section Name        Object

    0xc0000000   0x0003fc00   Zero   RW          892    .ARM.__AT_0xC0000000  glcd_746g_discovery.o


==============================================================================

Image component sizes


      Code (inc. data)   RO Data    RW Data    ZI Data      Debug   Object Name

        64         14          0          0         20       1085   button.o
       112         24          0          0         20       1972   buzzer.o
       900         52          0         46          0      17895   ft5336.o
       176         60          0          0          0       2291   glcd.o
       880         86          0          8     261288       7034   glcd_746g_discovery.o
         0          0       6304          0          0        792   glcd_fonts.o
       104         24          0          0         20       1934   led.o
       520        112          0          0        144       2397   main.o
       108         24          0          0         20       1957   relay.o
       126         26        104         20       3016       9323   rtx_conf_cm.o
        64         26        456          0       1536        864   startup_stm32f746xx.o
       676         48          0          0        152       8368   stm32746g_discovery.o
       748         66          0          2        288       4752   stm32746g_discovery_sdram.o
       768         62          0         10         40       5874   stm32746g_discovery_ts.o
       166         20          0          9          0       3671   stm32f7xx_hal.o
       920         36          0          0          0       4960   stm32f7xx_hal_adc.o
       312         22          0          0          0      40399   stm32f7xx_hal_cortex.o
       568         10          8          0          0       3772   stm32f7xx_hal_dma.o
       564         52          0          0          0       3299   stm32f7xx_hal_gpio.o
      1934         34          0          0          0      14608   stm32f7xx_hal_i2c.o
       922          6          0          0          0       3654   stm32f7xx_hal_ltdc.o
      1780         44          0          0          0       4000   stm32f7xx_hal_rcc.o
      1760         18          0          0          0       2320   stm32f7xx_hal_rcc_ex.o
       164          0          0          0          0       3532   stm32f7xx_hal_sdram.o
       324          4          0          0          0       3628   stm32f7xx_ll_fmc.o
       100         18         24          4          0       1359   system_stm32f7xx.o
        88          0          0          0          0       2100   touch_746g_discovery.o
       128         20          0          0         56     820954   watersensor.o

    ----------------------------------------------------------------------
     14988        908       6928        104     266600     978794   Object Totals
         0          0         32          0          0          0   (incl. Generated)
        12          0          0          5          0          0   (incl. Padding)

    ----------------------------------------------------------------------

      Code (inc. data)   RO Data    RW Data    ZI Data      Debug   Library Member Name

       268         24          0          1          0       4472   hal_cm.o
       408         34          0          0          0        816   hal_cm4.o
      1110        138          0          8          0      34689   rt_cmsis.o
        80          4          0          0          0        701   rt_event.o
       530         34          0          0         48       8601   rt_list.o
       554         10          0          0          0       4189   rt_mailbox.o
       140          0          0          0          0       2045   rt_membox.o
       128          0          0          0          0       2419   rt_memory.o
       336         14          0          0          0       1727   rt_mutex.o
        96         22          0          8          0       1230   rt_robin.o
        52          4          0          0          0        613   rt_semaphore.o
       298         52          0          8          0       6439   rt_system.o
      1216        174          0          8         52      10045   rt_task.o
         0          0          0          4          0        210   rt_time.o
         4          4          0          0          0        200   svc_table.o
         8          0          0          0          0         68   __main.o
        40          0          0          0          0         84   __printf_nopercent.o
         0          0          0          0          0          0   __rtentry.o
        20          0          0          0          0          0   __rtentry2.o
         6          0          0          0          0          0   __rtentry4.o
        52          8          0          0          0          0   __scatter.o
        26          0          0          0          0          0   __scatter_copy.o
        28          0          0          0          0          0   __scatter_zi.o
        48          6          0          0          0         96   _printf_char_common.o
        10          0          0          0          0         68   _sputc.o
        18          0          0          0          0         80   exit.o
         6          0          0          0          0        152   heapauxi.o
         0          0          0          0          0          0   indicate_semi.o
         2          0          0          0          0          0   libinit.o
         6          0          0          0          0          0   libinit2.o
         2          0          0          0          0          0   libshutdown.o
         2          0          0          0          0          0   libshutdown2.o
         8          4          0          0         96         68   libspace.o
       238          0          0          0          0        100   lludivv7m.o
        40          6          0          0          0         84   noretval__2sprintf.o
       100          0          0          0          0         80   rt_memcpy_w.o
         2          0          0          0          0          0   rtexit.o
        10          0          0          0          0          0   rtexit2.o
        12          4          0          0          0         68   sys_exit.o
        74          0          0          0          0         80   sys_stackheap_outer.o
         2          0          0          0          0         68   use_no_semi.o
        10          0          0          0          0        116   fpinit.o

    ----------------------------------------------------------------------
      6016        542          0         40        200      79608   Library Totals
        26          0          0          3          4          0   (incl. Padding)

    ----------------------------------------------------------------------

      Code (inc. data)   RO Data    RW Data    ZI Data      Debug   Library Name

      5220        514          0         37        100      78396   RTX_CM4.lib
       760         28          0          0         96       1096   c_w.l
        10          0          0          0          0        116   fz_wm.l

    ----------------------------------------------------------------------
      6016        542          0         40        200      79608   Library Totals

    ----------------------------------------------------------------------

==============================================================================


      Code (inc. data)   RO Data    RW Data    ZI Data      Debug   

     21004       1450       6928        144     266800    1040034   Grand Totals
     21004       1450       6928        144     266800    1040034   ELF Image Totals
     21004       1450       6928        144          0          0   ROM Totals

==============================================================================

    Total RO  Size (Code + RO Data)                27932 (  27.28kB)
    Total RW  Size (RW Data + ZI Data)            266944 ( 260.69kB)
    Total ROM Size (Code + RO Data + RW Data)      28076 (  27.42kB)

==============================================================================

